Archive member included to satisfy reference by file (symbol)

D:/STM32_Cube/STM32CubeIDE_1.15.1/STM32CubeIDE/plugins/com.st.stm32cube.ide.mcu.externaltools.gnu-tools-for-stm32.12.3.rel1.win32_1.0.100.202403111256/tools/bin/../lib/gcc/arm-none-eabi/12.3.1/../../../../arm-none-eabi/lib/thumb/v7-m/nofp\libc_nano.a(libc_a-exit.o)
                              D:/STM32_Cube/STM32CubeIDE_1.15.1/STM32CubeIDE/plugins/com.st.stm32cube.ide.mcu.externaltools.gnu-tools-for-stm32.12.3.rel1.win32_1.0.100.202403111256/tools/bin/../lib/gcc/arm-none-eabi/12.3.1/../../../../arm-none-eabi/lib/thumb/v7-m/nofp/crt0.o (exit)
D:/STM32_Cube/STM32CubeIDE_1.15.1/STM32CubeIDE/plugins/com.st.stm32cube.ide.mcu.externaltools.gnu-tools-for-stm32.12.3.rel1.win32_1.0.100.202403111256/tools/bin/../lib/gcc/arm-none-eabi/12.3.1/../../../../arm-none-eabi/lib/thumb/v7-m/nofp\libc_nano.a(libc_a-findfp.o)
                              D:/STM32_Cube/STM32CubeIDE_1.15.1/STM32CubeIDE/plugins/com.st.stm32cube.ide.mcu.externaltools.gnu-tools-for-stm32.12.3.rel1.win32_1.0.100.202403111256/tools/bin/../lib/gcc/arm-none-eabi/12.3.1/../../../../arm-none-eabi/lib/thumb/v7-m/nofp\libc_nano.a(libc_a-exit.o) (__stdio_exit_handler)
D:/STM32_Cube/STM32CubeIDE_1.15.1/STM32CubeIDE/plugins/com.st.stm32cube.ide.mcu.externaltools.gnu-tools-for-stm32.12.3.rel1.win32_1.0.100.202403111256/tools/bin/../lib/gcc/arm-none-eabi/12.3.1/../../../../arm-none-eabi/lib/thumb/v7-m/nofp\libc_nano.a(libc_a-fwalk.o)
                              D:/STM32_Cube/STM32CubeIDE_1.15.1/STM32CubeIDE/plugins/com.st.stm32cube.ide.mcu.externaltools.gnu-tools-for-stm32.12.3.rel1.win32_1.0.100.202403111256/tools/bin/../lib/gcc/arm-none-eabi/12.3.1/../../../../arm-none-eabi/lib/thumb/v7-m/nofp\libc_nano.a(libc_a-findfp.o) (_fwalk_sglue)
D:/STM32_Cube/STM32CubeIDE_1.15.1/STM32CubeIDE/plugins/com.st.stm32cube.ide.mcu.externaltools.gnu-tools-for-stm32.12.3.rel1.win32_1.0.100.202403111256/tools/bin/../lib/gcc/arm-none-eabi/12.3.1/../../../../arm-none-eabi/lib/thumb/v7-m/nofp\libc_nano.a(libc_a-stdio.o)
                              D:/STM32_Cube/STM32CubeIDE_1.15.1/STM32CubeIDE/plugins/com.st.stm32cube.ide.mcu.externaltools.gnu-tools-for-stm32.12.3.rel1.win32_1.0.100.202403111256/tools/bin/../lib/gcc/arm-none-eabi/12.3.1/../../../../arm-none-eabi/lib/thumb/v7-m/nofp\libc_nano.a(libc_a-findfp.o) (__sread)
D:/STM32_Cube/STM32CubeIDE_1.15.1/STM32CubeIDE/plugins/com.st.stm32cube.ide.mcu.externaltools.gnu-tools-for-stm32.12.3.rel1.win32_1.0.100.202403111256/tools/bin/../lib/gcc/arm-none-eabi/12.3.1/../../../../arm-none-eabi/lib/thumb/v7-m/nofp\libc_nano.a(libc_a-memset.o)
                              D:/STM32_Cube/STM32CubeIDE_1.15.1/STM32CubeIDE/plugins/com.st.stm32cube.ide.mcu.externaltools.gnu-tools-for-stm32.12.3.rel1.win32_1.0.100.202403111256/tools/bin/../lib/gcc/arm-none-eabi/12.3.1/../../../../arm-none-eabi/lib/thumb/v7-m/nofp/crt0.o (memset)
D:/STM32_Cube/STM32CubeIDE_1.15.1/STM32CubeIDE/plugins/com.st.stm32cube.ide.mcu.externaltools.gnu-tools-for-stm32.12.3.rel1.win32_1.0.100.202403111256/tools/bin/../lib/gcc/arm-none-eabi/12.3.1/../../../../arm-none-eabi/lib/thumb/v7-m/nofp\libc_nano.a(libc_a-closer.o)
                              D:/STM32_Cube/STM32CubeIDE_1.15.1/STM32CubeIDE/plugins/com.st.stm32cube.ide.mcu.externaltools.gnu-tools-for-stm32.12.3.rel1.win32_1.0.100.202403111256/tools/bin/../lib/gcc/arm-none-eabi/12.3.1/../../../../arm-none-eabi/lib/thumb/v7-m/nofp\libc_nano.a(libc_a-stdio.o) (_close_r)
D:/STM32_Cube/STM32CubeIDE_1.15.1/STM32CubeIDE/plugins/com.st.stm32cube.ide.mcu.externaltools.gnu-tools-for-stm32.12.3.rel1.win32_1.0.100.202403111256/tools/bin/../lib/gcc/arm-none-eabi/12.3.1/../../../../arm-none-eabi/lib/thumb/v7-m/nofp\libc_nano.a(libc_a-reent.o)
                              D:/STM32_Cube/STM32CubeIDE_1.15.1/STM32CubeIDE/plugins/com.st.stm32cube.ide.mcu.externaltools.gnu-tools-for-stm32.12.3.rel1.win32_1.0.100.202403111256/tools/bin/../lib/gcc/arm-none-eabi/12.3.1/../../../../arm-none-eabi/lib/thumb/v7-m/nofp\libc_nano.a(libc_a-closer.o) (errno)
D:/STM32_Cube/STM32CubeIDE_1.15.1/STM32CubeIDE/plugins/com.st.stm32cube.ide.mcu.externaltools.gnu-tools-for-stm32.12.3.rel1.win32_1.0.100.202403111256/tools/bin/../lib/gcc/arm-none-eabi/12.3.1/../../../../arm-none-eabi/lib/thumb/v7-m/nofp\libc_nano.a(libc_a-impure.o)
                              D:/STM32_Cube/STM32CubeIDE_1.15.1/STM32CubeIDE/plugins/com.st.stm32cube.ide.mcu.externaltools.gnu-tools-for-stm32.12.3.rel1.win32_1.0.100.202403111256/tools/bin/../lib/gcc/arm-none-eabi/12.3.1/../../../../arm-none-eabi/lib/thumb/v7-m/nofp\libc_nano.a(libc_a-reent.o) (_impure_ptr)
D:/STM32_Cube/STM32CubeIDE_1.15.1/STM32CubeIDE/plugins/com.st.stm32cube.ide.mcu.externaltools.gnu-tools-for-stm32.12.3.rel1.win32_1.0.100.202403111256/tools/bin/../lib/gcc/arm-none-eabi/12.3.1/../../../../arm-none-eabi/lib/thumb/v7-m/nofp\libc_nano.a(libc_a-lseekr.o)
[...]
Memory Configuration

Name             Origin             Length             Attributes
RAM              0x20000000         0x00002800         xrw
FLASH            0x08000000         0x00008000         xr
*default*        0x00000000         0xffffffff

Linker script and memory map

LOAD D:/STM32_Cube/STM32CubeIDE_1.15.1/STM32CubeIDE/plugins/com.st.stm32cube.ide.mcu.externaltools.gnu-tools-for-stm32.12.3.rel1.win32_1.0.100.202403111256/tools/bin/../lib/gcc/arm-none-eabi/12.3.1/thumb/v7-m/nofp/crti.o
LOAD D:/STM32_Cube/STM32CubeIDE_1.15.1/STM32CubeIDE/plugins/com.st.stm32cube.ide.mcu.externaltools.gnu-tools-for-stm32.12.3.rel1.win32_1.0.100.202403111256/tools/bin/../lib/gcc/arm-none-eabi/12.3.1/thumb/v7-m/nofp/crtbegin.o
LOAD D:/STM32_Cube/STM32CubeIDE_1.15.1/STM32CubeIDE/plugins/com.st.stm32cube.ide.mcu.externaltools.gnu-tools-for-stm32.12.3.rel1.win32_1.0.100.202403111256/tools/bin/../lib/gcc/arm-none-eabi/12.3.1/../../../../arm-none-eabi/lib/thumb/v7-m/nofp/crt0.o
LOAD ./Core/Src/blinking_led.o
LOAD ./Core/Src/fsm.o
LOAD ./Core/Src/input_processing.o
LOAD ./Core/Src/input_reading.o
LOAD ./Core/Src/led_display.o
LOAD ./Core/Src/main.o
LOAD ./Core/Src/stm32f1xx_hal_msp.o
LOAD ./Core/Src/stm32f1xx_it.o
LOAD ./Core/Src/syscalls.o
LOAD ./Core/Src/sysmem.o
LOAD ./Core/Src/system_stm32f1xx.o
LOAD ./Core/Src/timer.o
LOAD ./Core/Src/traffic.o
LOAD ./Core/Startup/startup_stm32f103c6ux.o
LOAD ./Drivers/STM32F1xx_HAL_Driver/Src/stm32f1xx_hal.o
LOAD ./Drivers/STM32F1xx_HAL_Driver/Src/stm32f1xx_hal_cortex.o
LOAD ./Drivers/STM32F1xx_HAL_Driver/Src/stm32f1xx_hal_dma.o
LOAD ./Drivers/STM32F1xx_HAL_Driver/Src/stm32f1xx_hal_exti.o
LOAD ./Drivers/STM32F1xx_HAL_Driver/Src/stm32f1xx_hal_flash.o
LOAD ./Drivers/STM32F1xx_HAL_Driver/Src/stm32f1xx_hal_flash_ex.o
LOAD ./Drivers/STM32F1xx_HAL_Driver/Src/stm32f1xx_hal_gpio.o
LOAD ./Drivers/STM32F1xx_HAL_Driver/Src/stm32f1xx_hal_gpio_ex.o
LOAD ./Drivers/STM32F1xx_HAL_Driver/Src/stm32f1xx_hal_pwr.o
LOAD ./Drivers/STM32F1xx_HAL_Driver/Src/stm32f1xx_hal_rcc.o
LOAD ./Drivers/STM32F1xx_HAL_Driver/Src/stm32f1xx_hal_rcc_ex.o
LOAD ./Drivers/STM32F1xx_HAL_Driver/Src/stm32f1xx_hal_tim.o
LOAD ./Drivers/STM32F1xx_HAL_Driver/Src/stm32f1xx_hal_tim_ex.o
START GROUP
LOAD D:/STM32_Cube/STM32CubeIDE_1.15.1/STM32CubeIDE/plugins/com.st.stm32cube.ide.mcu.externaltools.gnu-tools-for-stm32.12.3.rel1.win32_1.0.100.202403111256/tools/bin/../lib/gcc/arm-none-eabi/12.3.1/../../../../arm-none-eabi/lib/thumb/v7-m/nofp\libc_nano.a
LOAD D:/STM32_Cube/STM32CubeIDE_1.15.1/STM32CubeIDE/plugins/com.st.stm32cube.ide.mcu.externaltools.gnu-tools-for-stm32.12.3.rel1.win32_1.0.100.202403111256/tools/bin/../lib/gcc/arm-none-eabi/12.3.1/../../../../arm-none-eabi/lib/thumb/v7-m/nofp\libm.a
END GROUP
START GROUP
LOAD D:/STM32_Cube/STM32CubeIDE_1.15.1/STM32CubeIDE/plugins/com.st.stm32cube.ide.mcu.externaltools.gnu-tools-for-stm32.12.3.rel1.win32_1.0.100.202403111256/tools/bin/../lib/gcc/arm-none-eabi/12.3.1/thumb/v7-m/nofp\libgcc.a
LOAD D:/STM32_Cube/STM32CubeIDE_1.15.1/STM32CubeIDE/plugins/com.st.stm32cube.ide.mcu.externaltools.gnu-tools-for-stm32.12.3.rel1.win32_1.0.100.202403111256/tools/bin/../lib/gcc/arm-none-eabi/12.3.1/../../../../arm-none-eabi/lib/thumb/v7-m/nofp\libc_nano.a
END GROUP
START GROUP
LOAD D:/STM32_Cube/STM32CubeIDE_1.15.1/STM32CubeIDE/plugins/com.st.stm32cube.ide.mcu.externaltools.gnu-tools-for-stm32.12.3.rel1.win32_1.0.100.202403111256/tools/bin/../lib/gcc/arm-none-eabi/12.3.1/thumb/v7-m/nofp\libgcc.a
LOAD D:/STM32_Cube/STM32CubeIDE_1.15.1/STM32CubeIDE/plugins/com.st.stm32cube.ide.mcu.externaltools.gnu-tools-for-stm32.12.3.rel1.win32_1.0.100.202403111256/tools/bin/../lib/gcc/arm-none-eabi/12.3.1/../../../../arm-none-eabi/lib/thumb/v7-m/nofp\libc_nano.a
LOAD D:/STM32_Cube/STM32CubeIDE_1.15.1/STM32CubeIDE/plugins/com.st.stm32cube.ide.mcu.externaltools.gnu-tools-for-stm32.12.3.rel1.win32_1.0.100.202403111256/tools/bin/../lib/gcc/arm-none-eabi/12.3.1/../../../../arm-none-eabi/lib/thumb/v7-m/nofp\libnosys.a
END GROUP
START GROUP
LOAD D:/STM32_Cube/STM32CubeIDE_1.15.1/STM32CubeIDE/plugins/com.st.stm32cube.ide.mcu.externaltools.gnu-tools-for-stm32.12.3.rel1.win32_1.0.100.202403111256/tools/bin/../lib/gcc/arm-none-eabi/12.3.1/thumb/v7-m/nofp\libgcc.a
LOAD D:/STM32_Cube/STM32CubeIDE_1.15.1/STM32CubeIDE/plugins/com.st.stm32cube.ide.mcu.externaltools.gnu-tools-for-stm32.12.3.rel1.win32_1.0.100.202403111256/tools/bin/../lib/gcc/arm-none-eabi/12.3.1/../../../../arm-none-eabi/lib/thumb/v7-m/nofp\libc_nano.a
LOAD D:/STM32_Cube/STM32CubeIDE_1.15.1/STM32CubeIDE/plugins/com.st.stm32cube.ide.mcu.externaltools.gnu-tools-for-stm32.12.3.rel1.win32_1.0.100.202403111256/tools/bin/../lib/gcc/arm-none-eabi/12.3.1/../../../../arm-none-eabi/lib/thumb/v7-m/nofp\libnosys.a
END GROUP
LOAD D:/STM32_Cube/STM32CubeIDE_1.15.1/STM32CubeIDE/plugins/com.st.stm32cube.ide.mcu.externaltools.gnu-tools-for-stm32.12.3.rel1.win32_1.0.100.202403111256/tools/bin/../lib/gcc/arm-none-eabi/12.3.1/thumb/v7-m/nofp/crtend.o
LOAD D:/STM32_Cube/STM32CubeIDE_1.15.1/STM32CubeIDE/plugins/com.st.stm32cube.ide.mcu.externaltools.gnu-tools-for-stm32.12.3.rel1.win32_1.0.100.202403111256/tools/bin/../lib/gcc/arm-none-eabi/12.3.1/thumb/v7-m/nofp/crtn.o
                0x20002800                        _estack = (ORIGIN (RAM) + LENGTH (RAM))
                0x00000200                        _Min_Heap_Size = 0x200
                0x00000400                        _Min_Stack_Size = 0x400

.isr_vector     0x08000000      0x10c
                0x08000000                        . = ALIGN (0x4)
 *(.isr_vector)
 .isr_vector    0x08000000      0x10c ./Core/Startup/startup_stm32f103c6ux.o
                0x08000000                g_pfnVectors
                0x0800010c                        . = ALIGN (0x4)

.text           0x0800010c     0x3084
                0x0800010c                        . = ALIGN (0x4)
 *(.text)
 .text          0x0800010c       0x40 D:/STM32_Cube/STM32CubeIDE_1.15.1/STM32CubeIDE/plugins/com.st.stm32cube.ide.mcu.externaltools.gnu-tools-for-stm32.12.3.rel1.win32_1.0.100.202403111256/tools/bin/../lib/gcc/arm-none-eabi/12.3.1/thumb/v7-m/nofp/crtbegin.o
 *(.text*)
 .text.runBlinkingLed
                0x0800014c      0x134 ./Core/Src/blinking_led.o
                0x0800014c                runBlinkingLed
 .text.setEnviromentStateInit
                0x08000280       0x9c ./Core/Src/fsm.o
                0x08000280                setEnviromentStateInit
 .text.setEnviromentState0
                0x0800031c       0x88 ./Core/Src/fsm.o
                0x0800031c                setEnviromentState0
 .text.setEnviromentState1
                0x080003a4       0x1c ./Core/Src/fsm.o
                0x080003a4                setEnviromentState1
 .text.setEnviromentState2
                0x080003c0       0x28 ./Core/Src/fsm.o
                0x080003c0                setEnviromentState2
 .text.setEnviromentState3
                0x080003e8       0x1c ./Core/Src/fsm.o
                0x080003e8                setEnviromentState3
 .text.setEnviromentState4
                0x08000404       0x1e ./Core/Src/fsm.o
                0x08000404                setEnviromentState4
 .text.setEnviromentState5
                0x08000422       0x18 ./Core/Src/fsm.o
                0x08000422                setEnviromentState5
 .text.setEnviromentState6
                0x0800043a       0x18 ./Core/Src/fsm.o
                0x0800043a                setEnviromentState6
 *fill*         0x08000452        0x2 
 .text.doState0
                0x08000454       0x54 ./Core/Src/fsm.o
                0x08000454                doState0
 .text.doState1
                0x080004a8       0x54 ./Core/Src/fsm.o
                0x080004a8                doState1
 .text.doState2
                0x080004fc       0x54 ./Core/Src/fsm.o
                0x080004fc                doState2
 .text.doState3
                0x08000550       0x54 ./Core/Src/fsm.o
                0x08000550                doState3
 .text.doState4
                0x080005a4       0xd4 ./Core/Src/fsm.o
                0x080005a4                doState4
 .text.doState5
                0x08000678       0xd8 ./Core/Src/fsm.o
                0x08000678                doState5
 .text.doState6
                0x08000750       0xd4 ./Core/Src/fsm.o
                0x08000750                doState6
 .text.runFSM   0x08000824      0x160 ./Core/Src/fsm.o
                0x08000824                runFSM
 .text.fsm_for_input_processing
                0x08000984       0xbc ./Core/Src/input_processing.o
                0x08000984                fsm_for_input_processing
 .text.is_button_pressed
                0x08000a40       0x3c ./Core/Src/input_reading.o
                0x08000a40                is_button_pressed
 .text.is_button_pressed_1s
                0x08000a7c       0x3c ./Core/Src/input_reading.o
                0x08000a7c                is_button_pressed_1s
 .text.button_reading
                0x08000ab8      0x140 ./Core/Src/input_reading.o
                0x08000ab8                button_reading
 .text.updateLedBuffer
                0x08000bf8       0x24 ./Core/Src/led_display.o
                0x08000bf8                updateLedBuffer
 .text.disable7SEG
                0x08000c1c       0x64 ./Core/Src/led_display.o
                0x08000c1c                disable7SEG
 .text.enable7SEGNoClear
                0x08000c80       0x64 ./Core/Src/led_display.o
                0x08000c80                enable7SEGNoClear
 .text.enable7SEG
                0x08000ce4       0xf4 ./Core/Src/led_display.o
                0x08000ce4                enable7SEG
 .text.display7SEG
                0x08000dd8       0x8c ./Core/Src/led_display.o
                0x08000dd8                display7SEG
 .text.display7SEG_13
                0x08000e64      0x320 ./Core/Src/led_display.o
                0x08000e64                display7SEG_13
 .text.display7SEG_24
                0x08001184      0x3b0 ./Core/Src/led_display.o
                0x08001184                display7SEG_24
 .text.run7Seg  0x08001534       0x44 ./Core/Src/led_display.o
                0x08001534                run7Seg
 .text.HAL_TIM_PeriodElapsedCallback
                0x08001578       0x22 ./Core/Src/main.o
                0x08001578                HAL_TIM_PeriodElapsedCallback
 *fill*         0x0800159a        0x2 
 .text.main     0x0800159c       0x38 ./Core/Src/main.o
                0x0800159c                main
 .text.SystemClock_Config
                0x080015d4       0x76 ./Core/Src/main.o
                0x080015d4                SystemClock_Config
 *fill*         0x0800164a        0x2 
 .text.MX_TIM2_Init
                0x0800164c       0x98 ./Core/Src/main.o
 .text.MX_GPIO_Init
                0x080016e4       0xc4 ./Core/Src/main.o
 .text.Error_Handler
                0x080017a8        0xc ./Core/Src/main.o
                0x080017a8                Error_Handler
 .text.HAL_MspInit
                0x080017b4       0x64 ./Core/Src/stm32f1xx_hal_msp.o
                0x080017b4                HAL_MspInit
 .text.HAL_TIM_Base_MspInit
                0x08001818       0x48 ./Core/Src/stm32f1xx_hal_msp.o
                0x08001818                HAL_TIM_Base_MspInit
 .text.NMI_Handler
                0x08001860        0x8 ./Core/Src/stm32f1xx_it.o
                0x08001860                NMI_Handler
 .text.HardFault_Handler
                0x08001868        0x8 ./Core/Src/stm32f1xx_it.o
                0x08001868                HardFault_Handler
 .text.MemManage_Handler
                0x08001870        0x8 ./Core/Src/stm32f1xx_it.o
                0x08001870                MemManage_Handler
 .text.BusFault_Handler
                0x08001878        0x8 ./Core/Src/stm32f1xx_it.o
                0x08001878                BusFault_Handler
 .text.UsageFault_Handler
                0x08001880        0x8 ./Core/Src/stm32f1xx_it.o
                0x08001880                UsageFault_Handler
 .text.SVC_Handler
                0x08001888        0xc ./Core/Src/stm32f1xx_it.o
                0x08001888                SVC_Handler
 .text.DebugMon_Handler
                0x08001894        0xc ./Core/Src/stm32f1xx_it.o
                0x08001894                DebugMon_Handler
 .text.PendSV_Handler
                0x080018a0        0xc ./Core/Src/stm32f1xx_it.o
                0x080018a0                PendSV_Handler
 .text.SysTick_Handler
                0x080018ac        0xc ./Core/Src/stm32f1xx_it.o
                0x080018ac                SysTick_Handler
 .text.TIM2_IRQHandler
                0x080018b8       0x14 ./Core/Src/stm32f1xx_it.o
                0x080018b8                TIM2_IRQHandler
 .text.SystemInit
                0x080018cc        0xc ./Core/Src/system_stm32f1xx.o
                0x080018cc                SystemInit
 .text.getTimerFlags
                0x080018d8       0x20 ./Core/Src/timer.o
                0x080018d8                getTimerFlags
 .text.ignoreTimer
                0x080018f8       0x20 ./Core/Src/timer.o
                0x080018f8                ignoreTimer
 .text.activeTimer
                0x08001918       0x20 ./Core/Src/timer.o
                0x08001918                activeTimer
 .text.setTimer
                0x08001938       0x3c ./Core/Src/timer.o
                0x08001938                setTimer
 .text.runTimer
                0x08001974       0x68 ./Core/Src/timer.o
                0x08001974                runTimer
 .text.clearAllTraffic
                0x080019dc       0x4c ./Core/Src/traffic.o
                0x080019dc                clearAllTraffic
 .text.doRedGreen_Traffic
                0x08001a28       0x4c ./Core/Src/traffic.o
                0x08001a28                doRedGreen_Traffic
 .text.doRedYellow_Traffic
                0x08001a74       0x24 ./Core/Src/traffic.o
                0x08001a74                doRedYellow_Traffic
 .text.doGreenRed_Traffic
                0x08001a98       0x34 ./Core/Src/traffic.o
                0x08001a98                doGreenRed_Traffic
 .text.doYellowRed_Traffic
                0x08001acc       0x2c ./Core/Src/traffic.o
                0x08001acc                doYellowRed_Traffic
 .text.Reset_Handler
                0x08001af8       0x48 ./Core/Startup/startup_stm32f103c6ux.o
                0x08001af8                Reset_Handler
 .text.Default_Handler
                0x08001b40        0x2 ./Core/Startup/startup_stm32f103c6ux.o
                0x08001b40                RTC_Alarm_IRQHandler
                0x08001b40                EXTI2_IRQHandler
                0x08001b40                TIM1_CC_IRQHandler
                0x08001b40                PVD_IRQHandler
                0x08001b40                EXTI3_IRQHandler
                0x08001b40                EXTI0_IRQHandler
                0x08001b40                ADC1_2_IRQHandler
                0x08001b40                SPI1_IRQHandler
                0x08001b40                TAMPER_IRQHandler
                0x08001b40                DMA1_Channel4_IRQHandler
                0x08001b40                RTC_IRQHandler
                0x08001b40                DMA1_Channel7_IRQHandler
                0x08001b40                CAN1_RX1_IRQHandler
                0x08001b40                I2C1_EV_IRQHandler
                0x08001b40                DMA1_Channel6_IRQHandler
                0x08001b40                TIM3_IRQHandler
                0x08001b40                RCC_IRQHandler
                0x08001b40                TIM1_TRG_COM_IRQHandler
                0x08001b40                DMA1_Channel1_IRQHandler
                0x08001b40                Default_Handler
                0x08001b40                EXTI15_10_IRQHandler
                0x08001b40                EXTI9_5_IRQHandler
                0x08001b40                DMA1_Channel5_IRQHandler
                0x08001b40                EXTI4_IRQHandler
                0x08001b40                USB_LP_CAN1_RX0_IRQHandler
                0x08001b40                USB_HP_CAN1_TX_IRQHandler
                0x08001b40                DMA1_Channel3_IRQHandler
                0x08001b40                TIM1_UP_IRQHandler
                0x08001b40                WWDG_IRQHandler
                0x08001b40                TIM1_BRK_IRQHandler
                0x08001b40                EXTI1_IRQHandler
                0x08001b40                USART2_IRQHandler
                0x08001b40                DMA1_Channel2_IRQHandler
                0x08001b40                CAN1_SCE_IRQHandler
                0x08001b40                FLASH_IRQHandler
                0x08001b40                USART1_IRQHandler
                0x08001b40                I2C1_ER_IRQHandler
                0x08001b40                USBWakeUp_IRQHandler
 *fill*         0x08001b42        0x2 
 .text.HAL_Init
                0x08001b44       0x2c ./Drivers/STM32F1xx_HAL_Driver/Src/stm32f1xx_hal.o
                0x08001b44                HAL_Init
 .text.HAL_InitTick
                0x08001b70       0x60 ./Drivers/STM32F1xx_HAL_Driver/Src/stm32f1xx_hal.o
                0x08001b70                HAL_InitTick
 .text.HAL_IncTick
                0x08001bd0       0x24 ./Drivers/STM32F1xx_HAL_Driver/Src/stm32f1xx_hal.o
                0x08001bd0                HAL_IncTick
 .text.HAL_GetTick
                0x08001bf4       0x14 ./Drivers/STM32F1xx_HAL_Driver/Src/stm32f1xx_hal.o
                0x08001bf4                HAL_GetTick
 .text.__NVIC_SetPriorityGrouping
                0x08001c08       0x48 ./Drivers/STM32F1xx_HAL_Driver/Src/stm32f1xx_hal_cortex.o
 .text.__NVIC_GetPriorityGrouping
                0x08001c50       0x1c ./Drivers/STM32F1xx_HAL_Driver/Src/stm32f1xx_hal_cortex.o
 .text.__NVIC_EnableIRQ
                0x08001c6c       0x38 ./Drivers/STM32F1xx_HAL_Driver/Src/stm32f1xx_hal_cortex.o
 .text.__NVIC_SetPriority
                0x08001ca4       0x54 ./Drivers/STM32F1xx_HAL_Driver/Src/stm32f1xx_hal_cortex.o
 .text.NVIC_EncodePriority
                0x08001cf8       0x64 ./Drivers/STM32F1xx_HAL_Driver/Src/stm32f1xx_hal_cortex.o
 .text.SysTick_Config
                0x08001d5c       0x44 ./Drivers/STM32F1xx_HAL_Driver/Src/stm32f1xx_hal_cortex.o
 .text.HAL_NVIC_SetPriorityGrouping
                0x08001da0       0x16 ./Drivers/STM32F1xx_HAL_Driver/Src/stm32f1xx_hal_cortex.o
                0x08001da0                HAL_NVIC_SetPriorityGrouping
 .text.HAL_NVIC_SetPriority
                0x08001db6       0x38 ./Drivers/STM32F1xx_HAL_Driver/Src/stm32f1xx_hal_cortex.o
                0x08001db6                HAL_NVIC_SetPriority
 .text.HAL_NVIC_EnableIRQ
                0x08001dee       0x1c ./Drivers/STM32F1xx_HAL_Driver/Src/stm32f1xx_hal_cortex.o
                0x08001dee                HAL_NVIC_EnableIRQ
 .text.HAL_SYSTICK_Config
                0x08001e0a       0x18 ./Drivers/STM32F1xx_HAL_Driver/Src/stm32f1xx_hal_cortex.o
                0x08001e0a                HAL_SYSTICK_Config
 *fill*         0x08001e22        0x2 
 .text.HAL_GPIO_Init
                0x08001e24      0x2f8 ./Drivers/STM32F1xx_HAL_Driver/Src/stm32f1xx_hal_gpio.o
                0x08001e24                HAL_GPIO_Init
 .text.HAL_GPIO_ReadPin
                0x0800211c       0x2e ./Drivers/STM32F1xx_HAL_Driver/Src/stm32f1xx_hal_gpio.o
                0x0800211c                HAL_GPIO_ReadPin
 .text.HAL_GPIO_WritePin
                0x0800214a       0x30 ./Drivers/STM32F1xx_HAL_Driver/Src/stm32f1xx_hal_gpio.o
                0x0800214a                HAL_GPIO_WritePin
 .text.HAL_GPIO_TogglePin
                0x0800217a       0x32 ./Drivers/STM32F1xx_HAL_Driver/Src/stm32f1xx_hal_gpio.o
                0x0800217a                HAL_GPIO_TogglePin
 .text.HAL_RCC_OscConfig
                0x080021ac      0x504 ./Drivers/STM32F1xx_HAL_Driver/Src/stm32f1xx_hal_rcc.o
                0x080021ac                HAL_RCC_OscConfig
 .text.HAL_RCC_ClockConfig
                0x080026b0      0x1d4 ./Drivers/STM32F1xx_HAL_Driver/Src/stm32f1xx_hal_rcc.o
                0x080026b0                HAL_RCC_ClockConfig
 .text.HAL_RCC_GetSysClockFreq
                0x08002884       0xa8 ./Drivers/STM32F1xx_HAL_Driver/Src/stm32f1xx_hal_rcc.o
                0x08002884                HAL_RCC_GetSysClockFreq
 .text.RCC_Delay
                0x0800292c       0x3c ./Drivers/STM32F1xx_HAL_Driver/Src/stm32f1xx_hal_rcc.o
 .text.HAL_TIM_Base_Init
                0x08002968       0x9e ./Drivers/STM32F1xx_HAL_Driver/Src/stm32f1xx_hal_tim.o
                0x08002968                HAL_TIM_Base_Init
 *fill*         0x08002a06        0x2 
 .text.HAL_TIM_Base_Start_IT
                0x08002a08       0x98 ./Drivers/STM32F1xx_HAL_Driver/Src/stm32f1xx_hal_tim.o
                0x08002a08                HAL_TIM_Base_Start_IT
 .text.HAL_TIM_IRQHandler
                0x08002aa0      0x1e0 ./Drivers/STM32F1xx_HAL_Driver/Src/stm32f1xx_hal_tim.o
                0x08002aa0                HAL_TIM_IRQHandler
 .text.HAL_TIM_ConfigClockSource
                0x08002c80      0x18e ./Drivers/STM32F1xx_HAL_Driver/Src/stm32f1xx_hal_tim.o
                0x08002c80                HAL_TIM_ConfigClockSource
 .text.HAL_TIM_OC_DelayElapsedCallback
                0x08002e0e       0x12 ./Drivers/STM32F1xx_HAL_Driver/Src/stm32f1xx_hal_tim.o
                0x08002e0e                HAL_TIM_OC_DelayElapsedCallback
 .text.HAL_TIM_IC_CaptureCallback
                0x08002e20       0x12 ./Drivers/STM32F1xx_HAL_Driver/Src/stm32f1xx_hal_tim.o
                0x08002e20                HAL_TIM_IC_CaptureCallback
 .text.HAL_TIM_PWM_PulseFinishedCallback
                0x08002e32       0x12 ./Drivers/STM32F1xx_HAL_Driver/Src/stm32f1xx_hal_tim.o
                0x08002e32                HAL_TIM_PWM_PulseFinishedCallback
 .text.HAL_TIM_TriggerCallback
                0x08002e44       0x12 ./Drivers/STM32F1xx_HAL_Driver/Src/stm32f1xx_hal_tim.o
                0x08002e44                HAL_TIM_TriggerCallback
 *fill*         0x08002e56        0x2 
 .text.TIM_Base_SetConfig
                0x08002e58       0xc8 ./Drivers/STM32F1xx_HAL_Driver/Src/stm32f1xx_hal_tim.o
                0x08002e58                TIM_Base_SetConfig
 .text.TIM_TI1_ConfigInputStage
                0x08002f20       0x5c ./Drivers/STM32F1xx_HAL_Driver/Src/stm32f1xx_hal_tim.o
 .text.TIM_TI2_ConfigInputStage
                0x08002f7c       0x5e ./Drivers/STM32F1xx_HAL_Driver/Src/stm32f1xx_hal_tim.o
 .text.TIM_ITRx_SetConfig
                0x08002fda       0x34 ./Drivers/STM32F1xx_HAL_Driver/Src/stm32f1xx_hal_tim.o
 .text.TIM_ETR_SetConfig
                0x0800300e       0x3e ./Drivers/STM32F1xx_HAL_Driver/Src/stm32f1xx_hal_tim.o
                0x0800300e                TIM_ETR_SetConfig
 .text.HAL_TIMEx_MasterConfigSynchronization
                0x0800304c       0xb0 ./Drivers/STM32F1xx_HAL_Driver/Src/stm32f1xx_hal_tim_ex.o
                0x0800304c                HAL_TIMEx_MasterConfigSynchronization
 .text.HAL_TIMEx_CommutCallback
                0x080030fc       0x12 ./Drivers/STM32F1xx_HAL_Driver/Src/stm32f1xx_hal_tim_ex.o
                0x080030fc                HAL_TIMEx_CommutCallback
 .text.HAL_TIMEx_BreakCallback
                0x0800310e       0x12 ./Drivers/STM32F1xx_HAL_Driver/Src/stm32f1xx_hal_tim_ex.o
                0x0800310e                HAL_TIMEx_BreakCallback
 .text.memset   0x08003120       0x10 D:/STM32_Cube/STM32CubeIDE_1.15.1/STM32CubeIDE/plugins/com.st.stm32cube.ide.mcu.externaltools.gnu-tools-for-stm32.12.3.rel1.win32_1.0.100.202403111256/tools/bin/../lib/gcc/arm-none-eabi/12.3.1/../../../../arm-none-eabi/lib/thumb/v7-m/nofp\libc_nano.a(libc_a-memset.o)
                0x08003120                memset
 .text.__libc_init_array
                0x08003130       0x48 D:/STM32_Cube/STM32CubeIDE_1.15.1/STM32CubeIDE/plugins/com.st.stm32cube.ide.mcu.externaltools.gnu-tools-for-stm32.12.3.rel1.win32_1.0.100.202403111256/tools/bin/../lib/gcc/arm-none-eabi/12.3.1/../../../../arm-none-eabi/lib/thumb/v7-m/nofp\libc_nano.a(libc_a-init.o)
                0x08003130                __libc_init_array
 *(.glue_7)
 .glue_7        0x08003178        0x0 linker stubs
 *(.glue_7t)
 .glue_7t       0x08003178        0x0 linker stubs
 *(.eh_frame)
 .eh_frame      0x08003178        0x0 D:/STM32_Cube/STM32CubeIDE_1.15.1/STM32CubeIDE/plugins/com.st.stm32cube.ide.mcu.externaltools.gnu-tools-for-stm32.12.3.rel1.win32_1.0.100.202403111256/tools/bin/../lib/gcc/arm-none-eabi/12.3.1/thumb/v7-m/nofp/crtbegin.o
 *(.init)
 .init          0x08003178        0x4 D:/STM32_Cube/STM32CubeIDE_1.15.1/STM32CubeIDE/plugins/com.st.stm32cube.ide.mcu.externaltools.gnu-tools-for-stm32.12.3.rel1.win32_1.0.100.202403111256/tools/bin/../lib/gcc/arm-none-eabi/12.3.1/thumb/v7-m/nofp/crti.o
                0x08003178                _init
 .init          0x0800317c        0x8 D:/STM32_Cube/STM32CubeIDE_1.15.1/STM32CubeIDE/plugins/com.st.stm32cube.ide.mcu.externaltools.gnu-tools-for-stm32.12.3.rel1.win32_1.0.100.202403111256/tools/bin/../lib/gcc/arm-none-eabi/12.3.1/thumb/v7-m/nofp/crtn.o
 *(.fini)
 .fini          0x08003184        0x4 D:/STM32_Cube/STM32CubeIDE_1.15.1/STM32CubeIDE/plugins/com.st.stm32cube.ide.mcu.externaltools.gnu-tools-for-stm32.12.3.rel1.win32_1.0.100.202403111256/tools/bin/../lib/gcc/arm-none-eabi/12.3.1/thumb/v7-m/nofp/crti.o
                0x08003184                _fini
 .fini          0x08003188        0x8 D:/STM32_Cube/STM32CubeIDE_1.15.1/STM32CubeIDE/plugins/com.st.stm32cube.ide.mcu.externaltools.gnu-tools-for-stm32.12.3.rel1.win32_1.0.100.202403111256/tools/bin/../lib/gcc/arm-none-eabi/12.3.1/thumb/v7-m/nofp/crtn.o
                0x08003190                        . = ALIGN (0x4)
                0x08003190                        _etext = .

.vfp11_veneer   0x08003190        0x0
 .vfp11_veneer  0x08003190        0x0 linker stubs

.v4_bx          0x08003190        0x0
 .v4_bx         0x08003190        0x0 linker stubs

.iplt           0x08003190        0x0
 .iplt          0x08003190        0x0 D:/STM32_Cube/STM32CubeIDE_1.15.1/STM32CubeIDE/plugins/com.st.stm32cube.ide.mcu.externaltools.gnu-tools-for-stm32.12.3.rel1.win32_1.0.100.202403111256/tools/bin/../lib/gcc/arm-none-eabi/12.3.1/thumb/v7-m/nofp/crtbegin.o

.rodata         0x08003190       0x24
                0x08003190                        . = ALIGN (0x4)
 *(.rodata)
 *(.rodata*)
 .rodata.AHBPrescTable
                0x08003190       0x10 ./Core/Src/system_stm32f1xx.o
                0x08003190                AHBPrescTable
 .rodata.aPLLMULFactorTable.1
                0x080031a0       0x10 ./Drivers/STM32F1xx_HAL_Driver/Src/stm32f1xx_hal_rcc.o
 .rodata.aPredivFactorTable.0
                0x080031b0        0x2 ./Drivers/STM32F1xx_HAL_Driver/Src/stm32f1xx_hal_rcc.o
                0x080031b4                        . = ALIGN (0x4)
 *fill*         0x080031b2        0x2 

.ARM.extab      0x080031b4        0x0
                0x080031b4                        . = ALIGN (0x4)
 *(.ARM.extab* .gnu.linkonce.armextab.*)
                0x080031b4                        . = ALIGN (0x4)

.ARM            0x080031b4        0x0
                0x080031b4                        . = ALIGN (0x4)
                0x080031b4                        __exidx_start = .
 *(.ARM.exidx*)
                0x080031b4                        __exidx_end = .
                0x080031b4                        . = ALIGN (0x4)

.preinit_array  0x080031b4        0x0
                0x080031b4                        . = ALIGN (0x4)
                0x080031b4                        PROVIDE (__preinit_array_start = .)
 *(.preinit_array*)
                0x080031b4                        PROVIDE (__preinit_array_end = .)
                0x080031b4                        . = ALIGN (0x4)

.init_array     0x080031b4        0x4
                0x080031b4                        . = ALIGN (0x4)
                0x080031b4                        PROVIDE (__init_array_start = .)
 *(SORT_BY_NAME(.init_array.*))
 *(.init_array*)
 .init_array    0x080031b4        0x4 D:/STM32_Cube/STM32CubeIDE_1.15.1/STM32CubeIDE/plugins/com.st.stm32cube.ide.mcu.externaltools.gnu-tools-for-stm32.12.3.rel1.win32_1.0.100.202403111256/tools/bin/../lib/gcc/arm-none-eabi/12.3.1/thumb/v7-m/nofp/crtbegin.o
                0x080031b8                        PROVIDE (__init_array_end = .)
                0x080031b8                        . = ALIGN (0x4)

.fini_array     0x080031b8        0x4
                0x080031b8                        . = ALIGN (0x4)
                [!provide]                        PROVIDE (__fini_array_start = .)
 *(SORT_BY_NAME(.fini_array.*))
 *(.fini_array*)
 .fini_array    0x080031b8        0x4 D:/STM32_Cube/STM32CubeIDE_1.15.1/STM32CubeIDE/plugins/com.st.stm32cube.ide.mcu.externaltools.gnu-tools-for-stm32.12.3.rel1.win32_1.0.100.202403111256/tools/bin/../lib/gcc/arm-none-eabi/12.3.1/thumb/v7-m/nofp/crtbegin.o
                [!provide]                        PROVIDE (__fini_array_end = .)
                0x080031bc                        . = ALIGN (0x4)
                0x080031bc                        _sidata = LOADADDR (.data)

.rel.dyn        0x080031bc        0x0
 .rel.iplt      0x080031bc        0x0 D:/STM32_Cube/STM32CubeIDE_1.15.1/STM32CubeIDE/plugins/com.st.stm32cube.ide.mcu.externaltools.gnu-tools-for-stm32.12.3.rel1.win32_1.0.100.202403111256/tools/bin/../lib/gcc/arm-none-eabi/12.3.1/thumb/v7-m/nofp/crtbegin.o

.data           0x20000000       0x48 load address 0x080031bc
                0x20000000                        . = ALIGN (0x4)
                0x20000000                        _sdata = .
 *(.data)
 *(.data*)
 .data.Time_LedRed_Duration
                0x20000000        0x4 ./Core/Src/blinking_led.o
                0x20000000                Time_LedRed_Duration
 .data.Time_LedYellow_Duration
                0x20000004        0x4 ./Core/Src/blinking_led.o
                0x20000004                Time_LedYellow_Duration
 .data.Time_LedGreen_Duration
                0x20000008        0x4 ./Core/Src/blinking_led.o
                0x20000008                Time_LedGreen_Duration
 .data.Time_LedRed_Duration_Temp
                0x2000000c        0x4 ./Core/Src/blinking_led.o
                0x2000000c                Time_LedRed_Duration_Temp
 .data.Time_LedYellow_Duration_Temp
                0x20000010        0x4 ./Core/Src/blinking_led.o
                0x20000010                Time_LedYellow_Duration_Temp
 .data.Time_LedGreen_Duration_Temp
                0x20000014        0x4 ./Core/Src/blinking_led.o
                0x20000014                Time_LedGreen_Duration_Temp
 .data.buttonBuffer
                0x20000018        0x3 ./Core/Src/input_reading.o
 *fill*         0x2000001b        0x1 
 .data.debounceButtonBuffer1
                0x2000001c        0x3 ./Core/Src/input_reading.o
 *fill*         0x2000001f        0x1 
 .data.debounceButtonBuffer2
                0x20000020        0x3 ./Core/Src/input_reading.o
 *fill*         0x20000023        0x1 
 .data.debounceButtonBuffer3
                0x20000024        0x3 ./Core/Src/input_reading.o
 *fill*         0x20000027        0x1 
 .data.led_buffer
                0x20000028       0x10 ./Core/Src/led_display.o
                0x20000028                led_buffer
 .data.SystemCoreClock
                0x20000038        0x4 ./Core/Src/system_stm32f1xx.o
                0x20000038                SystemCoreClock
 .data.TIMER_CYCLE
                0x2000003c        0x4 ./Core/Src/timer.o
                0x2000003c                TIMER_CYCLE
 .data.uwTickPrio
                0x20000040        0x4 ./Drivers/STM32F1xx_HAL_Driver/Src/stm32f1xx_hal.o
                0x20000040                uwTickPrio
 .data.uwTickFreq
                0x20000044        0x1 ./Drivers/STM32F1xx_HAL_Driver/Src/stm32f1xx_hal.o
                0x20000044                uwTickFreq
 *(.RamFunc)
 *(.RamFunc*)
                0x20000048                        . = ALIGN (0x4)
 *fill*         0x20000045        0x3 
                0x20000048                        _edata = .

.igot.plt       0x20000048        0x0 load address 0x08003204
 .igot.plt      0x20000048        0x0 D:/STM32_Cube/STM32CubeIDE_1.15.1/STM32CubeIDE/plugins/com.st.stm32cube.ide.mcu.externaltools.gnu-tools-for-stm32.12.3.rel1.win32_1.0.100.202403111256/tools/bin/../lib/gcc/arm-none-eabi/12.3.1/thumb/v7-m/nofp/crtbegin.o
                0x20000048                        . = ALIGN (0x4)

.bss            0x20000048       0xd4 load address 0x08003204
                0x20000048                        _sbss = .
                0x20000048                        __bss_start__ = _sbss
 *(.bss)
 .bss           0x20000048       0x1c D:/STM32_Cube/STM32CubeIDE_1.15.1/STM32CubeIDE/plugins/com.st.stm32cube.ide.mcu.externaltools.gnu-tools-for-stm32.12.3.rel1.win32_1.0.100.202403111256/tools/bin/../lib/gcc/arm-none-eabi/12.3.1/thumb/v7-m/nofp/crtbegin.o
 *(.bss*)
 .bss.FSM_State
                0x20000064        0x4 ./Core/Src/fsm.o
                0x20000064                FSM_State
 .bss.buttonState
                0x20000068        0x3 ./Core/Src/input_processing.o
                0x20000068                buttonState
 *fill*         0x2000006b        0x1 
 .bss.flagForButtonPress
                0x2000006c        0x3 ./Core/Src/input_reading.o
 *fill*         0x2000006f        0x1 
 .bss.flagForButtonPress1s
                0x20000070        0x3 ./Core/Src/input_reading.o
 *fill*         0x20000073        0x1 
 .bss.counterForButtonPress1s
                0x20000074        0x6 ./Core/Src/input_reading.o
 *fill*         0x2000007a        0x2 
 .bss.Led13_Count
                0x2000007c        0x4 ./Core/Src/led_display.o
                0x2000007c                Led13_Count
 .bss.Led24_Count
                0x20000080        0x4 ./Core/Src/led_display.o
                0x20000080                Led24_Count
 .bss.index_led
                0x20000084        0x4 ./Core/Src/led_display.o
                0x20000084                index_led
 .bss.htim2     0x20000088       0x48 ./Core/Src/main.o
                0x20000088                htim2
 .bss.Timer_Ignore
                0x200000d0       0x18 ./Core/Src/timer.o
                0x200000d0                Timer_Ignore
 .bss.Timer_Flag
                0x200000e8       0x18 ./Core/Src/timer.o
                0x200000e8                Timer_Flag
 .bss.Timer_Counter
                0x20000100       0x18 ./Core/Src/timer.o
                0x20000100                Timer_Counter
 .bss.uwTick    0x20000118        0x4 ./Drivers/STM32F1xx_HAL_Driver/Src/stm32f1xx_hal.o
                0x20000118                uwTick
 *(COMMON)
                0x2000011c                        . = ALIGN (0x4)
                0x2000011c                        _ebss = .
                0x2000011c                        __bss_end__ = _ebss

._user_heap_stack
                0x2000011c      0x604 load address 0x08003204
                0x20000120                        . = ALIGN (0x8)
 *fill*         0x2000011c        0x4 
                [!provide]                        PROVIDE (end = .)
                0x20000120                        PROVIDE (_end = .)
                0x20000320                        . = (. + _Min_Heap_Size)
 *fill*         0x20000120      0x200 
                0x20000720                        . = (. + _Min_Stack_Size)
 *fill*         0x20000320      0x400 
                0x20000720                        . = ALIGN (0x8)

/DISCARD/
 libc.a(*)
 libm.a(*)
 libgcc.a(*)

.ARM.attributes
                0x00000000       0x29
 *(.ARM.attributes)
 .ARM.attributes
                0x00000000       0x1d D:/STM32_Cube/STM32CubeIDE_1.15.1/STM32CubeIDE/plugins/com.st.stm32cube.ide.mcu.externaltools.gnu-tools-for-stm32.12.3.rel1.win32_1.0.100.202403111256/tools/bin/../lib/gcc/arm-none-eabi/12.3.1/thumb/v7-m/nofp/crti.o
 .ARM.attributes
                0x0000001d       0x2d D:/STM32_Cube/STM32CubeIDE_1.15.1/STM32CubeIDE/plugins/com.st.stm32cube.ide.mcu.externaltools.gnu-tools-for-stm32.12.3.rel1.win32_1.0.100.202403111256/tools/bin/../lib/gcc/arm-none-eabi/12.3.1/thumb/v7-m/nofp/crtbegin.o
 .ARM.attributes
                0x0000004a       0x2d ./Core/Src/blinking_led.o
 .ARM.attributes
                0x00000077       0x2d ./Core/Src/fsm.o
 .ARM.attributes
                0x000000a4       0x2d ./Core/Src/input_processing.o
 .ARM.attributes
                0x000000d1       0x2d ./Core/Src/input_reading.o
 .ARM.attributes
                0x000000fe       0x2d ./Core/Src/led_display.o
 .ARM.attributes
                0x0000012b       0x2d ./Core/Src/main.o
 .ARM.attributes
                0x00000158       0x2d ./Core/Src/stm32f1xx_hal_msp.o
 .ARM.attributes
                0x00000185       0x2d ./Core/Src/stm32f1xx_it.o
 .ARM.attributes
                0x000001b2       0x2d ./Core/Src/system_stm32f1xx.o
 .ARM.attributes
                0x000001df       0x2d ./Core/Src/timer.o
 .ARM.attributes
                0x0000020c       0x2d ./Core/Src/traffic.o
 .ARM.attributes
                0x00000239       0x21 ./Core/Startup/startup_stm32f103c6ux.o
 .ARM.attributes
                0x0000025a       0x2d ./Drivers/STM32F1xx_HAL_Driver/Src/stm32f1xx_hal.o
 .ARM.attributes
                0x00000287       0x2d ./Drivers/STM32F1xx_HAL_Driver/Src/stm32f1xx_hal_cortex.o
 .ARM.attributes
                0x000002b4       0x2d ./Drivers/STM32F1xx_HAL_Driver/Src/stm32f1xx_hal_gpio.o
 .ARM.attributes
                0x000002e1       0x2d ./Drivers/STM32F1xx_HAL_Driver/Src/stm32f1xx_hal_rcc.o
 .ARM.attributes
                0x0000030e       0x2d ./Drivers/STM32F1xx_HAL_Driver/Src/stm32f1xx_hal_tim.o
 .ARM.attributes
                0x0000033b       0x2d ./Drivers/STM32F1xx_HAL_Driver/Src/stm32f1xx_hal_tim_ex.o
 .ARM.attributes
                0x00000368       0x2d D:/STM32_Cube/STM32CubeIDE_1.15.1/STM32CubeIDE/plugins/com.st.stm32cube.ide.mcu.externaltools.gnu-tools-for-stm32.12.3.rel1.win32_1.0.100.202403111256/tools/bin/../lib/gcc/arm-none-eabi/12.3.1/../../../../arm-none-eabi/lib/thumb/v7-m/nofp\libc_nano.a(libc_a-memset.o)
 .ARM.attributes
                0x00000395       0x2d D:/STM32_Cube/STM32CubeIDE_1.15.1/STM32CubeIDE/plugins/com.st.stm32cube.ide.mcu.externaltools.gnu-tools-for-stm32.12.3.rel1.win32_1.0.100.202403111256/tools/bin/../lib/gcc/arm-none-eabi/12.3.1/../../../../arm-none-eabi/lib/thumb/v7-m/nofp\libc_nano.a(libc_a-init.o)
 .ARM.attributes
                0x000003c2       0x1d D:/STM32_Cube/STM32CubeIDE_1.15.1/STM32CubeIDE/plugins/com.st.stm32cube.ide.mcu.externaltools.gnu-tools-for-stm32.12.3.rel1.win32_1.0.100.202403111256/tools/bin/../lib/gcc/arm-none-eabi/12.3.1/thumb/v7-m/nofp/crtn.o
OUTPUT(Lab3_Old.elf elf32-littlearm)
LOAD linker stubs
LOAD D:/STM32_Cube/STM32CubeIDE_1.15.1/STM32CubeIDE/plugins/com.st.stm32cube.ide.mcu.externaltools.gnu-tools-for-stm32.12.3.rel1.win32_1.0.100.202403111256/tools/bin/../lib/gcc/arm-none-eabi/12.3.1/../../../../arm-none-eabi/lib/thumb/v7-m/nofp\libc.a
LOAD D:/STM32_Cube/STM32CubeIDE_1.15.1/STM32CubeIDE/plugins/com.st.stm32cube.ide.mcu.externaltools.gnu-tools-for-stm32.12.3.rel1.win32_1.0.100.202403111256/tools/bin/../lib/gcc/arm-none-eabi/12.3.1/../../../../arm-none-eabi/lib/thumb/v7-m/nofp\libm.a
LOAD D:/STM32_Cube/STM32CubeIDE_1.15.1/STM32CubeIDE/plugins/com.st.stm32cube.ide.mcu.externaltools.gnu-tools-for-stm32.12.3.rel1.win32_1.0.100.202403111256/tools/bin/../lib/gcc/arm-none-eabi/12.3.1/thumb/v7-m/nofp\libgcc.a

.debug_info     0x00000000     0x8a2e
 .debug_info    0x00000000      0x278 ./Core/Src/blinking_led.o
 .debug_info    0x00000278      0x312 ./Core/Src/fsm.o
 .debug_info    0x0000058a      0x119 ./Core/Src/input_processing.o
 .debug_info    0x000006a3      0x299 ./Core/Src/input_reading.o
 .debug_info    0x0000093c      0x315 ./Core/Src/led_display.o
 .debug_info    0x00000c51      0xb8b ./Core/Src/main.o
 .debug_info    0x000017dc      0x91a ./Core/Src/stm32f1xx_hal_msp.o
 .debug_info    0x000020f6      0x6a1 ./Core/Src/stm32f1xx_it.o
 .debug_info    0x00002797      0x222 ./Core/Src/system_stm32f1xx.o
 .debug_info    0x000029b9      0x1d0 ./Core/Src/timer.o
 .debug_info    0x00002b89      0x1b2 ./Core/Src/traffic.o
 .debug_info    0x00002d3b       0x30 ./Core/Startup/startup_stm32f103c6ux.o
 .debug_info    0x00002d6b      0x6e6 ./Drivers/STM32F1xx_HAL_Driver/Src/stm32f1xx_hal.o
 .debug_info    0x00003451      0xa69 ./Drivers/STM32F1xx_HAL_Driver/Src/stm32f1xx_hal_cortex.o
 .debug_info    0x00003eba      0x5ab ./Drivers/STM32F1xx_HAL_Driver/Src/stm32f1xx_hal_gpio.o
 .debug_info    0x00004465      0x7d5 ./Drivers/STM32F1xx_HAL_Driver/Src/stm32f1xx_hal_rcc.o
 .debug_info    0x00004c3a     0x2959 ./Drivers/STM32F1xx_HAL_Driver/Src/stm32f1xx_hal_tim.o
 .debug_info    0x00007593     0x149b ./Drivers/STM32F1xx_HAL_Driver/Src/stm32f1xx_hal_tim_ex.o

.debug_abbrev   0x00000000     0x1d50
 .debug_abbrev  0x00000000      0x128 ./Core/Src/blinking_led.o
 .debug_abbrev  0x00000128       0xfb ./Core/Src/fsm.o
 .debug_abbrev  0x00000223       0xd1 ./Core/Src/input_processing.o
 .debug_abbrev  0x000002f4      0x16d ./Core/Src/input_reading.o
 .debug_abbrev  0x00000461      0x193 ./Core/Src/led_display.o
 .debug_abbrev  0x000005f4      0x28f ./Core/Src/main.o
 .debug_abbrev  0x00000883      0x1ad ./Core/Src/stm32f1xx_hal_msp.o
 .debug_abbrev  0x00000a30      0x191 ./Core/Src/stm32f1xx_it.o
 .debug_abbrev  0x00000bc1      0x13f ./Core/Src/system_stm32f1xx.o
 .debug_abbrev  0x00000d00       0xdb ./Core/Src/timer.o
 .debug_abbrev  0x00000ddb       0xe2 ./Core/Src/traffic.o
 .debug_abbrev  0x00000ebd       0x24 ./Core/Startup/startup_stm32f103c6ux.o
 .debug_abbrev  0x00000ee1      0x201 ./Drivers/STM32F1xx_HAL_Driver/Src/stm32f1xx_hal.o
 .debug_abbrev  0x000010e2      0x2f8 ./Drivers/STM32F1xx_HAL_Driver/Src/stm32f1xx_hal_cortex.o
 .debug_abbrev  0x000013da      0x1ca ./Drivers/STM32F1xx_HAL_Driver/Src/stm32f1xx_hal_gpio.o
 .debug_abbrev  0x000015a4      0x2b3 ./Drivers/STM32F1xx_HAL_Driver/Src/stm32f1xx_hal_rcc.o
 .debug_abbrev  0x00001857      0x277 ./Drivers/STM32F1xx_HAL_Driver/Src/stm32f1xx_hal_tim.o
 .debug_abbrev  0x00001ace      0x282 ./Drivers/STM32F1xx_HAL_Driver/Src/stm32f1xx_hal_tim_ex.o

.debug_aranges  0x00000000      0xb10
 .debug_aranges
                0x00000000       0x20 ./Core/Src/blinking_led.o
 .debug_aranges
                0x00000020       0x98 ./Core/Src/fsm.o
 .debug_aranges
                0x000000b8       0x20 ./Core/Src/input_processing.o
 .debug_aranges
                0x000000d8       0x30 ./Core/Src/input_reading.o
 .debug_aranges
                0x00000108       0x58 ./Core/Src/led_display.o
 .debug_aranges
                0x00000160       0x48 ./Core/Src/main.o
 .debug_aranges
                0x000001a8       0x30 ./Core/Src/stm32f1xx_hal_msp.o
 .debug_aranges
                0x000001d8       0x68 ./Core/Src/stm32f1xx_it.o
 .debug_aranges
                0x00000240       0x28 ./Core/Src/system_stm32f1xx.o
 .debug_aranges
                0x00000268       0x40 ./Core/Src/timer.o
 .debug_aranges
                0x000002a8       0x40 ./Core/Src/traffic.o
 .debug_aranges
                0x000002e8       0x28 ./Core/Startup/startup_stm32f103c6ux.o
 .debug_aranges
                0x00000310       0xe0 ./Drivers/STM32F1xx_HAL_Driver/Src/stm32f1xx_hal.o
 .debug_aranges
                0x000003f0      0x100 ./Drivers/STM32F1xx_HAL_Driver/Src/stm32f1xx_hal_cortex.o
 .debug_aranges
                0x000004f0       0x58 ./Drivers/STM32F1xx_HAL_Driver/Src/stm32f1xx_hal_gpio.o
 .debug_aranges
                0x00000548       0x90 ./Drivers/STM32F1xx_HAL_Driver/Src/stm32f1xx_hal_rcc.o
 .debug_aranges
                0x000005d8      0x3d0 ./Drivers/STM32F1xx_HAL_Driver/Src/stm32f1xx_hal_tim.o
 .debug_aranges
                0x000009a8      0x168 ./Drivers/STM32F1xx_HAL_Driver/Src/stm32f1xx_hal_tim_ex.o

.debug_rnglists
                0x00000000      0x868
 .debug_rnglists
                0x00000000       0x14 ./Core/Src/blinking_led.o
 .debug_rnglists
                0x00000014       0x73 ./Core/Src/fsm.o
 .debug_rnglists
                0x00000087       0x14 ./Core/Src/input_processing.o
 .debug_rnglists
                0x0000009b       0x20 ./Core/Src/input_reading.o
 .debug_rnglists
                0x000000bb       0x41 ./Core/Src/led_display.o
 .debug_rnglists
                0x000000fc       0x33 ./Core/Src/main.o
 .debug_rnglists
                0x0000012f       0x1f ./Core/Src/stm32f1xx_hal_msp.o
 .debug_rnglists
                0x0000014e       0x49 ./Core/Src/stm32f1xx_it.o
 .debug_rnglists
                0x00000197       0x1a ./Core/Src/system_stm32f1xx.o
 .debug_rnglists
                0x000001b1       0x2b ./Core/Src/timer.o
 .debug_rnglists
                0x000001dc       0x2b ./Core/Src/traffic.o
 .debug_rnglists
                0x00000207       0x19 ./Core/Startup/startup_stm32f103c6ux.o
 .debug_rnglists
                0x00000220       0xa3 ./Drivers/STM32F1xx_HAL_Driver/Src/stm32f1xx_hal.o
 .debug_rnglists
                0x000002c3       0xbb ./Drivers/STM32F1xx_HAL_Driver/Src/stm32f1xx_hal_cortex.o
 .debug_rnglists
                0x0000037e       0x3f ./Drivers/STM32F1xx_HAL_Driver/Src/stm32f1xx_hal_gpio.o
 .debug_rnglists
                0x000003bd       0x6c ./Drivers/STM32F1xx_HAL_Driver/Src/stm32f1xx_hal_rcc.o
 .debug_rnglists
                0x00000429      0x31a ./Drivers/STM32F1xx_HAL_Driver/Src/stm32f1xx_hal_tim.o
 .debug_rnglists
                0x00000743      0x125 ./Drivers/STM32F1xx_HAL_Driver/Src/stm32f1xx_hal_tim_ex.o

.debug_macro    0x00000000    0x171b0
 .debug_macro   0x00000000      0x1fc ./Core/Src/blinking_led.o
 .debug_macro   0x000001fc      0xaa8 ./Core/Src/blinking_led.o
 .debug_macro   0x00000ca4      0x215 ./Core/Src/blinking_led.o
 .debug_macro   0x00000eb9       0x2e ./Core/Src/blinking_led.o
 .debug_macro   0x00000ee7       0x22 ./Core/Src/blinking_led.o
 .debug_macro   0x00000f09       0x22 ./Core/Src/blinking_led.o
 .debug_macro   0x00000f2b       0x8e ./Core/Src/blinking_led.o
 .debug_macro   0x00000fb9       0x51 ./Core/Src/blinking_led.o
 .debug_macro   0x0000100a      0x103 ./Core/Src/blinking_led.o
 .debug_macro   0x0000110d       0x6a ./Core/Src/blinking_led.o
 .debug_macro   0x00001177      0x1df ./Core/Src/blinking_led.o
 .debug_macro   0x00001356       0x1c ./Core/Src/blinking_led.o
 .debug_macro   0x00001372       0x22 ./Core/Src/blinking_led.o
 .debug_macro   0x00001394       0xbd ./Core/Src/blinking_led.o
 .debug_macro   0x00001451      0xd23 ./Core/Src/blinking_led.o
 .debug_macro   0x00002174     0xde75 ./Core/Src/blinking_led.o
 .debug_macro   0x0000ffe9       0x6d ./Core/Src/blinking_led.o
 .debug_macro   0x00010056     0x34a2 ./Core/Src/blinking_led.o
 .debug_macro   0x000134f8      0x189 ./Core/Src/blinking_led.o
 .debug_macro   0x00013681       0x5c ./Core/Src/blinking_led.o
 .debug_macro   0x000136dd      0x5bc ./Core/Src/blinking_led.o
 .debug_macro   0x00013c99      0x1b7 ./Core/Src/blinking_led.o
 .debug_macro   0x00013e50      0x1cb ./Core/Src/blinking_led.o
 .debug_macro   0x0001401b      0x114 ./Core/Src/blinking_led.o
 .debug_macro   0x0001412f      0x1b2 ./Core/Src/blinking_led.o
 .debug_macro   0x000142e1       0x27 ./Core/Src/blinking_led.o
 .debug_macro   0x00014308      0x12f ./Core/Src/blinking_led.o
 .debug_macro   0x00014437      0x1bc ./Core/Src/blinking_led.o
 .debug_macro   0x000145f3       0x34 ./Core/Src/blinking_led.o
 .debug_macro   0x00014627       0x3c ./Core/Src/blinking_led.o
 .debug_macro   0x00014663       0x57 ./Core/Src/blinking_led.o
 .debug_macro   0x000146ba       0x87 ./Core/Src/blinking_led.o
 .debug_macro   0x00014741      0x183 ./Core/Src/blinking_led.o
 .debug_macro   0x000148c4      0x140 ./Core/Src/blinking_led.o
 .debug_macro   0x00014a04      0x8ed ./Core/Src/blinking_led.o
 .debug_macro   0x000152f1       0x69 ./Core/Src/blinking_led.o
 .debug_macro   0x0001535a      0x154 ./Core/Src/blinking_led.o
 .debug_macro   0x000154ae       0x34 ./Core/Src/blinking_led.o
 .debug_macro   0x000154e2       0x1c ./Core/Src/blinking_led.o
 .debug_macro   0x000154fe       0x10 ./Core/Src/blinking_led.o
 .debug_macro   0x0001550e       0x10 ./Core/Src/blinking_led.o
 .debug_macro   0x0001551e       0x2e ./Core/Src/blinking_led.o
 .debug_macro   0x0001554c       0x16 ./Core/Src/blinking_led.o
 .debug_macro   0x00015562      0x1fc ./Core/Src/fsm.o
 .debug_macro   0x0001575e      0x1d2 ./Core/Src/input_processing.o
 .debug_macro   0x00015930       0x3a ./Core/Src/input_processing.o
 .debug_macro   0x0001596a      0x1e5 ./Core/Src/input_reading.o
 .debug_macro   0x00015b4f      0x1bf ./Core/Src/led_display.o
 .debug_macro   0x00015d0e      0x209 ./Core/Src/main.o
 .debug_macro   0x00015f17      0x1a6 ./Core/Src/stm32f1xx_hal_msp.o
 .debug_macro   0x000160bd      0x1b0 ./Core/Src/stm32f1xx_it.o
 .debug_macro   0x0001626d      0x197 ./Core/Src/system_stm32f1xx.o
 .debug_macro   0x00016404      0x1b5 ./Core/Src/timer.o
 .debug_macro   0x000165b9      0x1b5 ./Core/Src/traffic.o
 .debug_macro   0x0001676e       0x16 ./Core/Src/traffic.o
 .debug_macro   0x00016784      0x1bb ./Drivers/STM32F1xx_HAL_Driver/Src/stm32f1xx_hal.o
 .debug_macro   0x0001693f      0x197 ./Drivers/STM32F1xx_HAL_Driver/Src/stm32f1xx_hal_cortex.o
 .debug_macro   0x00016ad6      0x202 ./Drivers/STM32F1xx_HAL_Driver/Src/stm32f1xx_hal_gpio.o
 .debug_macro   0x00016cd8      0x1a9 ./Drivers/STM32F1xx_HAL_Driver/Src/stm32f1xx_hal_rcc.o
 .debug_macro   0x00016e81      0x198 ./Drivers/STM32F1xx_HAL_Driver/Src/stm32f1xx_hal_tim.o
 .debug_macro   0x00017019      0x197 ./Drivers/STM32F1xx_HAL_Driver/Src/stm32f1xx_hal_tim_ex.o

.debug_line     0x00000000     0xd28b
 .debug_line    0x00000000      0x7ba ./Core/Src/blinking_led.o
 .debug_line    0x000007ba      0xa55 ./Core/Src/fsm.o
 .debug_line    0x0000120f      0x777 ./Core/Src/input_processing.o
 .debug_line    0x00001986      0x7df ./Core/Src/input_reading.o
 .debug_line    0x00002165      0x9b6 ./Core/Src/led_display.o
 .debug_line    0x00002b1b      0x87b ./Core/Src/main.o
 .debug_line    0x00003396      0x718 ./Core/Src/stm32f1xx_hal_msp.o
 .debug_line    0x00003aae      0x7b7 ./Core/Src/stm32f1xx_it.o
 .debug_line    0x00004265      0x75b ./Core/Src/system_stm32f1xx.o
 .debug_line    0x000049c0      0x765 ./Core/Src/timer.o
 .debug_line    0x00005125      0x74a ./Core/Src/traffic.o
 .debug_line    0x0000586f       0x78 ./Core/Startup/startup_stm32f103c6ux.o
 .debug_line    0x000058e7      0x988 ./Drivers/STM32F1xx_HAL_Driver/Src/stm32f1xx_hal.o
 .debug_line    0x0000626f      0xb74 ./Drivers/STM32F1xx_HAL_Driver/Src/stm32f1xx_hal_cortex.o
 .debug_line    0x00006de3      0xa0c ./Drivers/STM32F1xx_HAL_Driver/Src/stm32f1xx_hal_gpio.o
 .debug_line    0x000077ef      0xd91 ./Drivers/STM32F1xx_HAL_Driver/Src/stm32f1xx_hal_rcc.o
 .debug_line    0x00008580     0x3464 ./Drivers/STM32F1xx_HAL_Driver/Src/stm32f1xx_hal_tim.o
 .debug_line    0x0000b9e4     0x18a7 ./Drivers/STM32F1xx_HAL_Driver/Src/stm32f1xx_hal_tim_ex.o

.debug_str      0x00000000    0x82a93
 .debug_str     0x00000000    0x7fc22 ./Core/Src/blinking_led.o
                              0x7ff49 (size before relaxing)
 .debug_str     0x0007fc22      0x228 ./Core/Src/fsm.o
                              0x800e7 (size before relaxing)
 .debug_str     0x0007fe4a       0x4d ./Core/Src/input_processing.o
                              0x7fd72 (size before relaxing)
 .debug_str     0x0007fe97      0x14b ./Core/Src/input_reading.o
                              0x7fe76 (size before relaxing)
 .debug_str     0x0007ffe2       0x6f ./Core/Src/led_display.o
                              0x7fdda (size before relaxing)
 .debug_str     0x00080051      0x79f ./Core/Src/main.o
                              0x80716 (size before relaxing)
 .debug_str     0x000807f0      0x300 ./Core/Src/stm32f1xx_hal_msp.o
                              0x8040f (size before relaxing)
 .debug_str     0x00080af0       0xec ./Core/Src/stm32f1xx_it.o
                              0x8014a (size before relaxing)
 .debug_str     0x00080bdc       0x7e ./Core/Src/system_stm32f1xx.o
                              0x7f738 (size before relaxing)
 .debug_str     0x00080c5a       0x4f ./Core/Src/timer.o
                              0x7fce1 (size before relaxing)
 .debug_str     0x00080ca9       0x16 ./Core/Src/traffic.o
                              0x7fcb5 (size before relaxing)
 .debug_str     0x00080cbf       0x44 ./Core/Startup/startup_stm32f103c6ux.o
                                 0x74 (size before relaxing)
 .debug_str     0x00080d03      0x38e ./Drivers/STM32F1xx_HAL_Driver/Src/stm32f1xx_hal.o
                              0x7fe31 (size before relaxing)
 .debug_str     0x00081091      0x294 ./Drivers/STM32F1xx_HAL_Driver/Src/stm32f1xx_hal_cortex.o
                              0x7fd7d (size before relaxing)
 .debug_str     0x00081325      0x2d2 ./Drivers/STM32F1xx_HAL_Driver/Src/stm32f1xx_hal_gpio.o
                              0x7fabe (size before relaxing)
 .debug_str     0x000815f7      0x229 ./Drivers/STM32F1xx_HAL_Driver/Src/stm32f1xx_hal_rcc.o
                              0x7fb67 (size before relaxing)
 .debug_str     0x00081820      0xde0 ./Drivers/STM32F1xx_HAL_Driver/Src/stm32f1xx_hal_tim.o
                              0x80b69 (size before relaxing)
 .debug_str     0x00082600      0x493 ./Drivers/STM32F1xx_HAL_Driver/Src/stm32f1xx_hal_tim_ex.o
                              0x80375 (size before relaxing)

.comment        0x00000000       0x43
 .comment       0x00000000       0x43 ./Core/Src/blinking_led.o
                                 0x44 (size before relaxing)
 .comment       0x00000043       0x44 ./Core/Src/fsm.o
 .comment       0x00000043       0x44 ./Core/Src/input_processing.o
 .comment       0x00000043       0x44 ./Core/Src/input_reading.o
 .comment       0x00000043       0x44 ./Core/Src/led_display.o
 .comment       0x00000043       0x44 ./Core/Src/main.o
 .comment       0x00000043       0x44 ./Core/Src/stm32f1xx_hal_msp.o
 .comment       0x00000043       0x44 ./Core/Src/stm32f1xx_it.o
 .comment       0x00000043       0x44 ./Core/Src/system_stm32f1xx.o
 .comment       0x00000043       0x44 ./Core/Src/timer.o
 .comment       0x00000043       0x44 ./Core/Src/traffic.o
 .comment       0x00000043       0x44 ./Drivers/STM32F1xx_HAL_Driver/Src/stm32f1xx_hal.o
 .comment       0x00000043       0x44 ./Drivers/STM32F1xx_HAL_Driver/Src/stm32f1xx_hal_cortex.o
 .comment       0x00000043       0x44 ./Drivers/STM32F1xx_HAL_Driver/Src/stm32f1xx_hal_gpio.o
 .comment       0x00000043       0x44 ./Drivers/STM32F1xx_HAL_Driver/Src/stm32f1xx_hal_rcc.o
 .comment       0x00000043       0x44 ./Drivers/STM32F1xx_HAL_Driver/Src/stm32f1xx_hal_tim.o
 .comment       0x00000043       0x44 ./Drivers/STM32F1xx_HAL_Driver/Src/stm32f1xx_hal_tim_ex.o

.debug_frame    0x00000000     0x2b28
 .debug_frame   0x00000000       0x34 ./Core/Src/blinking_led.o
 .debug_frame   0x00000034      0x1d0 ./Core/Src/fsm.o
 .debug_frame   0x00000204       0x34 ./Core/Src/input_processing.o
 .debug_frame   0x00000238       0x84 ./Core/Src/input_reading.o
 .debug_frame   0x000002bc      0x134 ./Core/Src/led_display.o
 .debug_frame   0x000003f0       0xd4 ./Core/Src/main.o
 .debug_frame   0x000004c4       0x80 ./Core/Src/stm32f1xx_hal_msp.o
 .debug_frame   0x00000544      0x120 ./Core/Src/stm32f1xx_it.o
 .debug_frame   0x00000664       0x58 ./Core/Src/system_stm32f1xx.o
 .debug_frame   0x000006bc       0xd8 ./Core/Src/timer.o
 .debug_frame   0x00000794       0x9c ./Core/Src/traffic.o
 .debug_frame   0x00000830      0x334 ./Drivers/STM32F1xx_HAL_Driver/Src/stm32f1xx_hal.o
 .debug_frame   0x00000b64      0x428 ./Drivers/STM32F1xx_HAL_Driver/Src/stm32f1xx_hal_cortex.o
 .debug_frame   0x00000f8c      0x14c ./Drivers/STM32F1xx_HAL_Driver/Src/stm32f1xx_hal_gpio.o
 .debug_frame   0x000010d8      0x218 ./Drivers/STM32F1xx_HAL_Driver/Src/stm32f1xx_hal_rcc.o
 .debug_frame   0x000012f0     0x11b4 ./Drivers/STM32F1xx_HAL_Driver/Src/stm32f1xx_hal_tim.o
 .debug_frame   0x000024a4      0x638 ./Drivers/STM32F1xx_HAL_Driver/Src/stm32f1xx_hal_tim_ex.o
 .debug_frame   0x00002adc       0x20 D:/STM32_Cube/STM32CubeIDE_1.15.1/STM32CubeIDE/plugins/com.st.stm32cube.ide.mcu.externaltools.gnu-tools-for-stm32.12.3.rel1.win32_1.0.100.202403111256/tools/bin/../lib/gcc/arm-none-eabi/12.3.1/../../../../arm-none-eabi/lib/thumb/v7-m/nofp\libc_nano.a(libc_a-memset.o)
 .debug_frame   0x00002afc       0x2c D:/STM32_Cube/STM32CubeIDE_1.15.1/STM32CubeIDE/plugins/com.st.stm32cube.ide.mcu.externaltools.gnu-tools-for-stm32.12.3.rel1.win32_1.0.100.202403111256/tools/bin/../lib/gcc/arm-none-eabi/12.3.1/../../../../arm-none-eabi/lib/thumb/v7-m/nofp\libc_nano.a(libc_a-init.o)

.debug_line_str
                0x00000000       0x58
 .debug_line_str
                0x00000000       0x58 ./Core/Startup/startup_stm32f103c6ux.o
