Archive member included to satisfy reference by file (symbol)

D:/STM32_Cube/STM32CubeIDE_1.15.1/STM32CubeIDE/plugins/com.st.stm32cube.ide.mcu.externaltools.gnu-tools-for-stm32.12.3.rel1.win32_1.0.100.202403111256/tools/bin/../lib/gcc/arm-none-eabi/12.3.1/../../../../arm-none-eabi/lib/thumb/v7-m/nofp\libc_nano.a(libc_a-exit.o)
                              D:/STM32_Cube/STM32CubeIDE_1.15.1/STM32CubeIDE/plugins/com.st.stm32cube.ide.mcu.externaltools.gnu-tools-for-stm32.12.3.rel1.win32_1.0.100.202403111256/tools/bin/../lib/gcc/arm-none-eabi/12.3.1/../../../../arm-none-eabi/lib/thumb/v7-m/nofp/crt0.o (exit)
D:/STM32_Cube/STM32CubeIDE_1.15.1/STM32CubeIDE/plugins/com.st.stm32cube.ide.mcu.externaltools.gnu-tools-for-stm32.12.3.rel1.win32_1.0.100.202403111256/tools/bin/../lib/gcc/arm-none-eabi/12.3.1/../../../../arm-none-eabi/lib/thumb/v7-m/nofp\libc_nano.a(libc_a-findfp.o)
                              D:/STM32_Cube/STM32CubeIDE_1.15.1/STM32CubeIDE/plugins/com.st.stm32cube.ide.mcu.externaltools.gnu-tools-for-stm32.12.3.rel1.win32_1.0.100.202403111256/tools/bin/../lib/gcc/arm-none-eabi/12.3.1/../../../../arm-none-eabi/lib/thumb/v7-m/nofp\libc_nano.a(libc_a-exit.o) (__stdio_exit_handler)
D:/STM32_Cube/STM32CubeIDE_1.15.1/STM32CubeIDE/plugins/com.st.stm32cube.ide.mcu.externaltools.gnu-tools-for-stm32.12.3.rel1.win32_1.0.100.202403111256/tools/bin/../lib/gcc/arm-none-eabi/12.3.1/../../../../arm-none-eabi/lib/thumb/v7-m/nofp\libc_nano.a(libc_a-fwalk.o)
                              D:/STM32_Cube/STM32CubeIDE_1.15.1/STM32CubeIDE/plugins/com.st.stm32cube.ide.mcu.externaltools.gnu-tools-for-stm32.12.3.rel1.win32_1.0.100.202403111256/tools/bin/../lib/gcc/arm-none-eabi/12.3.1/../../../../arm-none-eabi/lib/thumb/v7-m/nofp\libc_nano.a(libc_a-findfp.o) (_fwalk_sglue)
D:/STM32_Cube/STM32CubeIDE_1.15.1/STM32CubeIDE/plugins/com.st.stm32cube.ide.mcu.externaltools.gnu-tools-for-stm32.12.3.rel1.win32_1.0.100.202403111256/tools/bin/../lib/gcc/arm-none-eabi/12.3.1/../../../../arm-none-eabi/lib/thumb/v7-m/nofp\libc_nano.a(libc_a-stdio.o)
                              D:/STM32_Cube/STM32CubeIDE_1.15.1/STM32CubeIDE/plugins/com.st.stm32cube.ide.mcu.externaltools.gnu-tools-for-stm32.12.3.rel1.win32_1.0.100.202403111256/tools/bin/../lib/gcc/arm-none-eabi/12.3.1/../../../../arm-none-eabi/lib/thumb/v7-m/nofp\libc_nano.a(libc_a-findfp.o) (__sread)
D:/STM32_Cube/STM32CubeIDE_1.15.1/STM32CubeIDE/plugins/com.st.stm32cube.ide.mcu.externaltools.gnu-tools-for-stm32.12.3.rel1.win32_1.0.100.202403111256/tools/bin/../lib/gcc/arm-none-eabi/12.3.1/../../../../arm-none-eabi/lib/thumb/v7-m/nofp\libc_nano.a(libc_a-memset.o)
                              D:/STM32_Cube/STM32CubeIDE_1.15.1/STM32CubeIDE/plugins/com.st.stm32cube.ide.mcu.externaltools.gnu-tools-for-stm32.12.3.rel1.win32_1.0.100.202403111256/tools/bin/../lib/gcc/arm-none-eabi/12.3.1/../../../../arm-none-eabi/lib/thumb/v7-m/nofp/crt0.o (memset)
D:/STM32_Cube/STM32CubeIDE_1.15.1/STM32CubeIDE/plugins/com.st.stm32cube.ide.mcu.externaltools.gnu-tools-for-stm32.12.3.rel1.win32_1.0.100.202403111256/tools/bin/../lib/gcc/arm-none-eabi/12.3.1/../../../../arm-none-eabi/lib/thumb/v7-m/nofp\libc_nano.a(libc_a-closer.o)
                              D:/STM32_Cube/STM32CubeIDE_1.15.1/STM32CubeIDE/plugins/com.st.stm32cube.ide.mcu.externaltools.gnu-tools-for-stm32.12.3.rel1.win32_1.0.100.202403111256/tools/bin/../lib/gcc/arm-none-eabi/12.3.1/../../../../arm-none-eabi/lib/thumb/v7-m/nofp\libc_nano.a(libc_a-stdio.o) (_close_r)
D:/STM32_Cube/STM32CubeIDE_1.15.1/STM32CubeIDE/plugins/com.st.stm32cube.ide.mcu.externaltools.gnu-tools-for-stm32.12.3.rel1.win32_1.0.100.202403111256/tools/bin/../lib/gcc/arm-none-eabi/12.3.1/../../../../arm-none-eabi/lib/thumb/v7-m/nofp\libc_nano.a(libc_a-reent.o)
                              D:/STM32_Cube/STM32CubeIDE_1.15.1/STM32CubeIDE/plugins/com.st.stm32cube.ide.mcu.externaltools.gnu-tools-for-stm32.12.3.rel1.win32_1.0.100.202403111256/tools/bin/../lib/gcc/arm-none-eabi/12.3.1/../../../../arm-none-eabi/lib/thumb/v7-m/nofp\libc_nano.a(libc_a-closer.o) (errno)
D:/STM32_Cube/STM32CubeIDE_1.15.1/STM32CubeIDE/plugins/com.st.stm32cube.ide.mcu.externaltools.gnu-tools-for-stm32.12.3.rel1.win32_1.0.100.202403111256/tools/bin/../lib/gcc/arm-none-eabi/12.3.1/../../../../arm-none-eabi/lib/thumb/v7-m/nofp\libc_nano.a(libc_a-impure.o)
                              D:/STM32_Cube/STM32CubeIDE_1.15.1/STM32CubeIDE/plugins/com.st.stm32cube.ide.mcu.externaltools.gnu-tools-for-stm32.12.3.rel1.win32_1.0.100.202403111256/tools/bin/../lib/gcc/arm-none-eabi/12.3.1/../../../../arm-none-eabi/lib/thumb/v7-m/nofp\libc_nano.a(libc_a-reent.o) (_impure_ptr)
D:/STM32_Cube/STM32CubeIDE_1.15.1/STM32CubeIDE/plugins/com.st.stm32cube.ide.mcu.externaltools.gnu-tools-for-stm32.12.3.rel1.win32_1.0.100.202403111256/tools/bin/../lib/gcc/arm-none-eabi/12.3.1/../../../../arm-none-eabi/lib/thumb/v7-m/nofp\libc_nano.a(libc_a-lseekr.o)
[...]
Memory Configuration

Name             Origin             Length             Attributes
RAM              0x20000000         0x00002800         xrw
FLASH            0x08000000         0x00008000         xr
*default*        0x00000000         0xffffffff

Linker script and memory map

LOAD D:/STM32_Cube/STM32CubeIDE_1.15.1/STM32CubeIDE/plugins/com.st.stm32cube.ide.mcu.externaltools.gnu-tools-for-stm32.12.3.rel1.win32_1.0.100.202403111256/tools/bin/../lib/gcc/arm-none-eabi/12.3.1/thumb/v7-m/nofp/crti.o
LOAD D:/STM32_Cube/STM32CubeIDE_1.15.1/STM32CubeIDE/plugins/com.st.stm32cube.ide.mcu.externaltools.gnu-tools-for-stm32.12.3.rel1.win32_1.0.100.202403111256/tools/bin/../lib/gcc/arm-none-eabi/12.3.1/thumb/v7-m/nofp/crtbegin.o
LOAD D:/STM32_Cube/STM32CubeIDE_1.15.1/STM32CubeIDE/plugins/com.st.stm32cube.ide.mcu.externaltools.gnu-tools-for-stm32.12.3.rel1.win32_1.0.100.202403111256/tools/bin/../lib/gcc/arm-none-eabi/12.3.1/../../../../arm-none-eabi/lib/thumb/v7-m/nofp/crt0.o
LOAD ./Core/Src/blinking_led.o
LOAD ./Core/Src/fsm.o
LOAD ./Core/Src/input_processing.o
LOAD ./Core/Src/input_reading.o
LOAD ./Core/Src/led_display.o
LOAD ./Core/Src/main.o
LOAD ./Core/Src/stm32f1xx_hal_msp.o
LOAD ./Core/Src/stm32f1xx_it.o
LOAD ./Core/Src/syscalls.o
LOAD ./Core/Src/sysmem.o
LOAD ./Core/Src/system_stm32f1xx.o
LOAD ./Core/Src/timer.o
LOAD ./Core/Src/traffic.o
LOAD ./Core/Startup/startup_stm32f103c6ux.o
LOAD ./Drivers/STM32F1xx_HAL_Driver/Src/stm32f1xx_hal.o
LOAD ./Drivers/STM32F1xx_HAL_Driver/Src/stm32f1xx_hal_cortex.o
LOAD ./Drivers/STM32F1xx_HAL_Driver/Src/stm32f1xx_hal_dma.o
LOAD ./Drivers/STM32F1xx_HAL_Driver/Src/stm32f1xx_hal_exti.o
LOAD ./Drivers/STM32F1xx_HAL_Driver/Src/stm32f1xx_hal_flash.o
LOAD ./Drivers/STM32F1xx_HAL_Driver/Src/stm32f1xx_hal_flash_ex.o
LOAD ./Drivers/STM32F1xx_HAL_Driver/Src/stm32f1xx_hal_gpio.o
LOAD ./Drivers/STM32F1xx_HAL_Driver/Src/stm32f1xx_hal_gpio_ex.o
LOAD ./Drivers/STM32F1xx_HAL_Driver/Src/stm32f1xx_hal_pwr.o
LOAD ./Drivers/STM32F1xx_HAL_Driver/Src/stm32f1xx_hal_rcc.o
LOAD ./Drivers/STM32F1xx_HAL_Driver/Src/stm32f1xx_hal_rcc_ex.o
LOAD ./Drivers/STM32F1xx_HAL_Driver/Src/stm32f1xx_hal_tim.o
LOAD ./Drivers/STM32F1xx_HAL_Driver/Src/stm32f1xx_hal_tim_ex.o
START GROUP
LOAD D:/STM32_Cube/STM32CubeIDE_1.15.1/STM32CubeIDE/plugins/com.st.stm32cube.ide.mcu.externaltools.gnu-tools-for-stm32.12.3.rel1.win32_1.0.100.202403111256/tools/bin/../lib/gcc/arm-none-eabi/12.3.1/../../../../arm-none-eabi/lib/thumb/v7-m/nofp\libc_nano.a
LOAD D:/STM32_Cube/STM32CubeIDE_1.15.1/STM32CubeIDE/plugins/com.st.stm32cube.ide.mcu.externaltools.gnu-tools-for-stm32.12.3.rel1.win32_1.0.100.202403111256/tools/bin/../lib/gcc/arm-none-eabi/12.3.1/../../../../arm-none-eabi/lib/thumb/v7-m/nofp\libm.a
END GROUP
START GROUP
LOAD D:/STM32_Cube/STM32CubeIDE_1.15.1/STM32CubeIDE/plugins/com.st.stm32cube.ide.mcu.externaltools.gnu-tools-for-stm32.12.3.rel1.win32_1.0.100.202403111256/tools/bin/../lib/gcc/arm-none-eabi/12.3.1/thumb/v7-m/nofp\libgcc.a
LOAD D:/STM32_Cube/STM32CubeIDE_1.15.1/STM32CubeIDE/plugins/com.st.stm32cube.ide.mcu.externaltools.gnu-tools-for-stm32.12.3.rel1.win32_1.0.100.202403111256/tools/bin/../lib/gcc/arm-none-eabi/12.3.1/../../../../arm-none-eabi/lib/thumb/v7-m/nofp\libc_nano.a
END GROUP
START GROUP
LOAD D:/STM32_Cube/STM32CubeIDE_1.15.1/STM32CubeIDE/plugins/com.st.stm32cube.ide.mcu.externaltools.gnu-tools-for-stm32.12.3.rel1.win32_1.0.100.202403111256/tools/bin/../lib/gcc/arm-none-eabi/12.3.1/thumb/v7-m/nofp\libgcc.a
LOAD D:/STM32_Cube/STM32CubeIDE_1.15.1/STM32CubeIDE/plugins/com.st.stm32cube.ide.mcu.externaltools.gnu-tools-for-stm32.12.3.rel1.win32_1.0.100.202403111256/tools/bin/../lib/gcc/arm-none-eabi/12.3.1/../../../../arm-none-eabi/lib/thumb/v7-m/nofp\libc_nano.a
LOAD D:/STM32_Cube/STM32CubeIDE_1.15.1/STM32CubeIDE/plugins/com.st.stm32cube.ide.mcu.externaltools.gnu-tools-for-stm32.12.3.rel1.win32_1.0.100.202403111256/tools/bin/../lib/gcc/arm-none-eabi/12.3.1/../../../../arm-none-eabi/lib/thumb/v7-m/nofp\libnosys.a
END GROUP
START GROUP
LOAD D:/STM32_Cube/STM32CubeIDE_1.15.1/STM32CubeIDE/plugins/com.st.stm32cube.ide.mcu.externaltools.gnu-tools-for-stm32.12.3.rel1.win32_1.0.100.202403111256/tools/bin/../lib/gcc/arm-none-eabi/12.3.1/thumb/v7-m/nofp\libgcc.a
LOAD D:/STM32_Cube/STM32CubeIDE_1.15.1/STM32CubeIDE/plugins/com.st.stm32cube.ide.mcu.externaltools.gnu-tools-for-stm32.12.3.rel1.win32_1.0.100.202403111256/tools/bin/../lib/gcc/arm-none-eabi/12.3.1/../../../../arm-none-eabi/lib/thumb/v7-m/nofp\libc_nano.a
LOAD D:/STM32_Cube/STM32CubeIDE_1.15.1/STM32CubeIDE/plugins/com.st.stm32cube.ide.mcu.externaltools.gnu-tools-for-stm32.12.3.rel1.win32_1.0.100.202403111256/tools/bin/../lib/gcc/arm-none-eabi/12.3.1/../../../../arm-none-eabi/lib/thumb/v7-m/nofp\libnosys.a
END GROUP
LOAD D:/STM32_Cube/STM32CubeIDE_1.15.1/STM32CubeIDE/plugins/com.st.stm32cube.ide.mcu.externaltools.gnu-tools-for-stm32.12.3.rel1.win32_1.0.100.202403111256/tools/bin/../lib/gcc/arm-none-eabi/12.3.1/thumb/v7-m/nofp/crtend.o
LOAD D:/STM32_Cube/STM32CubeIDE_1.15.1/STM32CubeIDE/plugins/com.st.stm32cube.ide.mcu.externaltools.gnu-tools-for-stm32.12.3.rel1.win32_1.0.100.202403111256/tools/bin/../lib/gcc/arm-none-eabi/12.3.1/thumb/v7-m/nofp/crtn.o
                0x20002800                        _estack = (ORIGIN (RAM) + LENGTH (RAM))
                0x00000200                        _Min_Heap_Size = 0x200
                0x00000400                        _Min_Stack_Size = 0x400

.isr_vector     0x08000000      0x10c
                0x08000000                        . = ALIGN (0x4)
 *(.isr_vector)
 .isr_vector    0x08000000      0x10c ./Core/Startup/startup_stm32f103c6ux.o
                0x08000000                g_pfnVectors
                0x0800010c                        . = ALIGN (0x4)

.text           0x0800010c     0x2c8c
                0x0800010c                        . = ALIGN (0x4)
 *(.text)
 .text          0x0800010c       0x40 D:/STM32_Cube/STM32CubeIDE_1.15.1/STM32CubeIDE/plugins/com.st.stm32cube.ide.mcu.externaltools.gnu-tools-for-stm32.12.3.rel1.win32_1.0.100.202403111256/tools/bin/../lib/gcc/arm-none-eabi/12.3.1/thumb/v7-m/nofp/crtbegin.o
 *(.text*)
 .text.runBlinkingLed
                0x0800014c      0x134 ./Core/Src/blinking_led.o
                0x0800014c                runBlinkingLed
 .text.setEnviromentStateInit
                0x08000280       0x88 ./Core/Src/fsm.o
                0x08000280                setEnviromentStateInit
 .text.setEnviromentState0
                0x08000308       0x4c ./Core/Src/fsm.o
                0x08000308                setEnviromentState0
 .text.setEnviromentState1
                0x08000354       0x1c ./Core/Src/fsm.o
                0x08000354                setEnviromentState1
 .text.setEnviromentState2
                0x08000370       0x28 ./Core/Src/fsm.o
                0x08000370                setEnviromentState2
 .text.setEnviromentState3
                0x08000398       0x1c ./Core/Src/fsm.o
                0x08000398                setEnviromentState3
 .text.setEnviromentState4
                0x080003b4       0x18 ./Core/Src/fsm.o
                0x080003b4                setEnviromentState4
 .text.setEnviromentState5
                0x080003cc       0x18 ./Core/Src/fsm.o
                0x080003cc                setEnviromentState5
 .text.setEnviromentState6
                0x080003e4       0x18 ./Core/Src/fsm.o
                0x080003e4                setEnviromentState6
 .text.doState0
                0x080003fc       0x54 ./Core/Src/fsm.o
                0x080003fc                doState0
 .text.doState1
                0x08000450       0x54 ./Core/Src/fsm.o
                0x08000450                doState1
 .text.doState2
                0x080004a4       0x54 ./Core/Src/fsm.o
                0x080004a4                doState2
 .text.doState3
                0x080004f8       0x54 ./Core/Src/fsm.o
                0x080004f8                doState3
 .text.doState4
                0x0800054c       0x88 ./Core/Src/fsm.o
                0x0800054c                doState4
 .text.doState5
                0x080005d4       0x88 ./Core/Src/fsm.o
                0x080005d4                doState5
 .text.doState6
                0x0800065c       0x84 ./Core/Src/fsm.o
                0x0800065c                doState6
 .text.runFSM   0x080006e0      0x160 ./Core/Src/fsm.o
                0x080006e0                runFSM
 .text.fsm_for_input_processing
                0x08000840       0xbc ./Core/Src/input_processing.o
                0x08000840                fsm_for_input_processing
 .text.is_button_pressed
                0x080008fc       0x3c ./Core/Src/input_reading.o
                0x080008fc                is_button_pressed
 .text.is_button_pressed_1s
                0x08000938       0x3c ./Core/Src/input_reading.o
                0x08000938                is_button_pressed_1s
 .text.button_reading
                0x08000974      0x140 ./Core/Src/input_reading.o
                0x08000974                button_reading
 .text.display7SEG_13
                0x08000ab4      0x320 ./Core/Src/led_display.o
                0x08000ab4                display7SEG_13
 .text.display7SEG_24
                0x08000dd4      0x3b0 ./Core/Src/led_display.o
                0x08000dd4                display7SEG_24
 .text.HAL_TIM_PeriodElapsedCallback
                0x08001184       0x22 ./Core/Src/main.o
                0x08001184                HAL_TIM_PeriodElapsedCallback
 *fill*         0x080011a6        0x2 
 .text.main     0x080011a8       0x34 ./Core/Src/main.o
                0x080011a8                main
 .text.SystemClock_Config
                0x080011dc       0x76 ./Core/Src/main.o
                0x080011dc                SystemClock_Config
 *fill*         0x08001252        0x2 
 .text.MX_TIM2_Init
                0x08001254       0x98 ./Core/Src/main.o
 .text.MX_GPIO_Init
                0x080012ec       0xc4 ./Core/Src/main.o
 .text.Error_Handler
                0x080013b0        0xc ./Core/Src/main.o
                0x080013b0                Error_Handler
 .text.HAL_MspInit
                0x080013bc       0x64 ./Core/Src/stm32f1xx_hal_msp.o
                0x080013bc                HAL_MspInit
 .text.HAL_TIM_Base_MspInit
                0x08001420       0x48 ./Core/Src/stm32f1xx_hal_msp.o
                0x08001420                HAL_TIM_Base_MspInit
 .text.NMI_Handler
                0x08001468        0x8 ./Core/Src/stm32f1xx_it.o
                0x08001468                NMI_Handler
 .text.HardFault_Handler
                0x08001470        0x8 ./Core/Src/stm32f1xx_it.o
                0x08001470                HardFault_Handler
 .text.MemManage_Handler
                0x08001478        0x8 ./Core/Src/stm32f1xx_it.o
                0x08001478                MemManage_Handler
 .text.BusFault_Handler
                0x08001480        0x8 ./Core/Src/stm32f1xx_it.o
                0x08001480                BusFault_Handler
 .text.UsageFault_Handler
                0x08001488        0x8 ./Core/Src/stm32f1xx_it.o
                0x08001488                UsageFault_Handler
 .text.SVC_Handler
                0x08001490        0xc ./Core/Src/stm32f1xx_it.o
                0x08001490                SVC_Handler
 .text.DebugMon_Handler
                0x0800149c        0xc ./Core/Src/stm32f1xx_it.o
                0x0800149c                DebugMon_Handler
 .text.PendSV_Handler
                0x080014a8        0xc ./Core/Src/stm32f1xx_it.o
                0x080014a8                PendSV_Handler
 .text.SysTick_Handler
                0x080014b4        0xc ./Core/Src/stm32f1xx_it.o
                0x080014b4                SysTick_Handler
 .text.TIM2_IRQHandler
                0x080014c0       0x14 ./Core/Src/stm32f1xx_it.o
                0x080014c0                TIM2_IRQHandler
 .text.SystemInit
                0x080014d4        0xc ./Core/Src/system_stm32f1xx.o
                0x080014d4                SystemInit
 .text.getTimerFlags
                0x080014e0       0x20 ./Core/Src/timer.o
                0x080014e0                getTimerFlags
 .text.ignoreTimer
                0x08001500       0x20 ./Core/Src/timer.o
                0x08001500                ignoreTimer
 .text.activeTimer
                0x08001520       0x20 ./Core/Src/timer.o
                0x08001520                activeTimer
 .text.setTimer
                0x08001540       0x3c ./Core/Src/timer.o
                0x08001540                setTimer
 .text.runTimer
                0x0800157c       0x68 ./Core/Src/timer.o
                0x0800157c                runTimer
 .text.clearAllTraffic
                0x080015e4       0x4c ./Core/Src/traffic.o
                0x080015e4                clearAllTraffic
 .text.doRedGreen_Traffic
                0x08001630       0x4c ./Core/Src/traffic.o
                0x08001630                doRedGreen_Traffic
 .text.doRedYellow_Traffic
                0x0800167c       0x24 ./Core/Src/traffic.o
                0x0800167c                doRedYellow_Traffic
 .text.doGreenRed_Traffic
                0x080016a0       0x34 ./Core/Src/traffic.o
                0x080016a0                doGreenRed_Traffic
 .text.doYellowRed_Traffic
                0x080016d4       0x2c ./Core/Src/traffic.o
                0x080016d4                doYellowRed_Traffic
 .text.Reset_Handler
                0x08001700       0x48 ./Core/Startup/startup_stm32f103c6ux.o
                0x08001700                Reset_Handler
 .text.Default_Handler
                0x08001748        0x2 ./Core/Startup/startup_stm32f103c6ux.o
                0x08001748                RTC_Alarm_IRQHandler
                0x08001748                EXTI2_IRQHandler
                0x08001748                TIM1_CC_IRQHandler
                0x08001748                PVD_IRQHandler
                0x08001748                EXTI3_IRQHandler
                0x08001748                EXTI0_IRQHandler
                0x08001748                ADC1_2_IRQHandler
                0x08001748                SPI1_IRQHandler
                0x08001748                TAMPER_IRQHandler
                0x08001748                DMA1_Channel4_IRQHandler
                0x08001748                RTC_IRQHandler
                0x08001748                DMA1_Channel7_IRQHandler
                0x08001748                CAN1_RX1_IRQHandler
                0x08001748                I2C1_EV_IRQHandler
                0x08001748                DMA1_Channel6_IRQHandler
                0x08001748                TIM3_IRQHandler
                0x08001748                RCC_IRQHandler
                0x08001748                TIM1_TRG_COM_IRQHandler
                0x08001748                DMA1_Channel1_IRQHandler
                0x08001748                Default_Handler
                0x08001748                EXTI15_10_IRQHandler
                0x08001748                EXTI9_5_IRQHandler
                0x08001748                DMA1_Channel5_IRQHandler
                0x08001748                EXTI4_IRQHandler
                0x08001748                USB_LP_CAN1_RX0_IRQHandler
                0x08001748                USB_HP_CAN1_TX_IRQHandler
                0x08001748                DMA1_Channel3_IRQHandler
                0x08001748                TIM1_UP_IRQHandler
                0x08001748                WWDG_IRQHandler
                0x08001748                TIM1_BRK_IRQHandler
                0x08001748                EXTI1_IRQHandler
                0x08001748                USART2_IRQHandler
                0x08001748                DMA1_Channel2_IRQHandler
                0x08001748                CAN1_SCE_IRQHandler
                0x08001748                FLASH_IRQHandler
                0x08001748                USART1_IRQHandler
                0x08001748                I2C1_ER_IRQHandler
                0x08001748                USBWakeUp_IRQHandler
 *fill*         0x0800174a        0x2 
 .text.HAL_Init
                0x0800174c       0x2c ./Drivers/STM32F1xx_HAL_Driver/Src/stm32f1xx_hal.o
                0x0800174c                HAL_Init
 .text.HAL_InitTick
                0x08001778       0x60 ./Drivers/STM32F1xx_HAL_Driver/Src/stm32f1xx_hal.o
                0x08001778                HAL_InitTick
 .text.HAL_IncTick
                0x080017d8       0x24 ./Drivers/STM32F1xx_HAL_Driver/Src/stm32f1xx_hal.o
                0x080017d8                HAL_IncTick
 .text.HAL_GetTick
                0x080017fc       0x14 ./Drivers/STM32F1xx_HAL_Driver/Src/stm32f1xx_hal.o
                0x080017fc                HAL_GetTick
 .text.__NVIC_SetPriorityGrouping
                0x08001810       0x48 ./Drivers/STM32F1xx_HAL_Driver/Src/stm32f1xx_hal_cortex.o
 .text.__NVIC_GetPriorityGrouping
                0x08001858       0x1c ./Drivers/STM32F1xx_HAL_Driver/Src/stm32f1xx_hal_cortex.o
 .text.__NVIC_EnableIRQ
                0x08001874       0x38 ./Drivers/STM32F1xx_HAL_Driver/Src/stm32f1xx_hal_cortex.o
 .text.__NVIC_SetPriority
                0x080018ac       0x54 ./Drivers/STM32F1xx_HAL_Driver/Src/stm32f1xx_hal_cortex.o
 .text.NVIC_EncodePriority
                0x08001900       0x64 ./Drivers/STM32F1xx_HAL_Driver/Src/stm32f1xx_hal_cortex.o
 .text.SysTick_Config
                0x08001964       0x44 ./Drivers/STM32F1xx_HAL_Driver/Src/stm32f1xx_hal_cortex.o
 .text.HAL_NVIC_SetPriorityGrouping
                0x080019a8       0x16 ./Drivers/STM32F1xx_HAL_Driver/Src/stm32f1xx_hal_cortex.o
                0x080019a8                HAL_NVIC_SetPriorityGrouping
 .text.HAL_NVIC_SetPriority
                0x080019be       0x38 ./Drivers/STM32F1xx_HAL_Driver/Src/stm32f1xx_hal_cortex.o
                0x080019be                HAL_NVIC_SetPriority
 .text.HAL_NVIC_EnableIRQ
                0x080019f6       0x1c ./Drivers/STM32F1xx_HAL_Driver/Src/stm32f1xx_hal_cortex.o
                0x080019f6                HAL_NVIC_EnableIRQ
 .text.HAL_SYSTICK_Config
                0x08001a12       0x18 ./Drivers/STM32F1xx_HAL_Driver/Src/stm32f1xx_hal_cortex.o
                0x08001a12                HAL_SYSTICK_Config
 *fill*         0x08001a2a        0x2 
 .text.HAL_GPIO_Init
                0x08001a2c      0x2f8 ./Drivers/STM32F1xx_HAL_Driver/Src/stm32f1xx_hal_gpio.o
                0x08001a2c                HAL_GPIO_Init
 .text.HAL_GPIO_ReadPin
                0x08001d24       0x2e ./Drivers/STM32F1xx_HAL_Driver/Src/stm32f1xx_hal_gpio.o
                0x08001d24                HAL_GPIO_ReadPin
 .text.HAL_GPIO_WritePin
                0x08001d52       0x30 ./Drivers/STM32F1xx_HAL_Driver/Src/stm32f1xx_hal_gpio.o
                0x08001d52                HAL_GPIO_WritePin
 .text.HAL_GPIO_TogglePin
                0x08001d82       0x32 ./Drivers/STM32F1xx_HAL_Driver/Src/stm32f1xx_hal_gpio.o
                0x08001d82                HAL_GPIO_TogglePin
 .text.HAL_RCC_OscConfig
                0x08001db4      0x504 ./Drivers/STM32F1xx_HAL_Driver/Src/stm32f1xx_hal_rcc.o
                0x08001db4                HAL_RCC_OscConfig
 .text.HAL_RCC_ClockConfig
                0x080022b8      0x1d4 ./Drivers/STM32F1xx_HAL_Driver/Src/stm32f1xx_hal_rcc.o
                0x080022b8                HAL_RCC_ClockConfig
 .text.HAL_RCC_GetSysClockFreq
                0x0800248c       0xa8 ./Drivers/STM32F1xx_HAL_Driver/Src/stm32f1xx_hal_rcc.o
                0x0800248c                HAL_RCC_GetSysClockFreq
 .text.RCC_Delay
                0x08002534       0x3c ./Drivers/STM32F1xx_HAL_Driver/Src/stm32f1xx_hal_rcc.o
 .text.HAL_TIM_Base_Init
                0x08002570       0x9e ./Drivers/STM32F1xx_HAL_Driver/Src/stm32f1xx_hal_tim.o
                0x08002570                HAL_TIM_Base_Init
 *fill*         0x0800260e        0x2 
 .text.HAL_TIM_Base_Start_IT
                0x08002610       0x98 ./Drivers/STM32F1xx_HAL_Driver/Src/stm32f1xx_hal_tim.o
                0x08002610                HAL_TIM_Base_Start_IT
 .text.HAL_TIM_IRQHandler
                0x080026a8      0x1e0 ./Drivers/STM32F1xx_HAL_Driver/Src/stm32f1xx_hal_tim.o
                0x080026a8                HAL_TIM_IRQHandler
 .text.HAL_TIM_ConfigClockSource
                0x08002888      0x18e ./Drivers/STM32F1xx_HAL_Driver/Src/stm32f1xx_hal_tim.o
                0x08002888                HAL_TIM_ConfigClockSource
 .text.HAL_TIM_OC_DelayElapsedCallback
                0x08002a16       0x12 ./Drivers/STM32F1xx_HAL_Driver/Src/stm32f1xx_hal_tim.o
                0x08002a16                HAL_TIM_OC_DelayElapsedCallback
 .text.HAL_TIM_IC_CaptureCallback
                0x08002a28       0x12 ./Drivers/STM32F1xx_HAL_Driver/Src/stm32f1xx_hal_tim.o
                0x08002a28                HAL_TIM_IC_CaptureCallback
 .text.HAL_TIM_PWM_PulseFinishedCallback
                0x08002a3a       0x12 ./Drivers/STM32F1xx_HAL_Driver/Src/stm32f1xx_hal_tim.o
                0x08002a3a                HAL_TIM_PWM_PulseFinishedCallback
 .text.HAL_TIM_TriggerCallback
                0x08002a4c       0x12 ./Drivers/STM32F1xx_HAL_Driver/Src/stm32f1xx_hal_tim.o
                0x08002a4c                HAL_TIM_TriggerCallback
 *fill*         0x08002a5e        0x2 
 .text.TIM_Base_SetConfig
                0x08002a60       0xc8 ./Drivers/STM32F1xx_HAL_Driver/Src/stm32f1xx_hal_tim.o
                0x08002a60                TIM_Base_SetConfig
 .text.TIM_TI1_ConfigInputStage
                0x08002b28       0x5c ./Drivers/STM32F1xx_HAL_Driver/Src/stm32f1xx_hal_tim.o
 .text.TIM_TI2_ConfigInputStage
                0x08002b84       0x5e ./Drivers/STM32F1xx_HAL_Driver/Src/stm32f1xx_hal_tim.o
 .text.TIM_ITRx_SetConfig
                0x08002be2       0x34 ./Drivers/STM32F1xx_HAL_Driver/Src/stm32f1xx_hal_tim.o
 .text.TIM_ETR_SetConfig
                0x08002c16       0x3e ./Drivers/STM32F1xx_HAL_Driver/Src/stm32f1xx_hal_tim.o
                0x08002c16                TIM_ETR_SetConfig
 .text.HAL_TIMEx_MasterConfigSynchronization
                0x08002c54       0xb0 ./Drivers/STM32F1xx_HAL_Driver/Src/stm32f1xx_hal_tim_ex.o
                0x08002c54                HAL_TIMEx_MasterConfigSynchronization
 .text.HAL_TIMEx_CommutCallback
                0x08002d04       0x12 ./Drivers/STM32F1xx_HAL_Driver/Src/stm32f1xx_hal_tim_ex.o
                0x08002d04                HAL_TIMEx_CommutCallback
 .text.HAL_TIMEx_BreakCallback
                0x08002d16       0x12 ./Drivers/STM32F1xx_HAL_Driver/Src/stm32f1xx_hal_tim_ex.o
                0x08002d16                HAL_TIMEx_BreakCallback
 .text.memset   0x08002d28       0x10 D:/STM32_Cube/STM32CubeIDE_1.15.1/STM32CubeIDE/plugins/com.st.stm32cube.ide.mcu.externaltools.gnu-tools-for-stm32.12.3.rel1.win32_1.0.100.202403111256/tools/bin/../lib/gcc/arm-none-eabi/12.3.1/../../../../arm-none-eabi/lib/thumb/v7-m/nofp\libc_nano.a(libc_a-memset.o)
                0x08002d28                memset
 .text.__libc_init_array
                0x08002d38       0x48 D:/STM32_Cube/STM32CubeIDE_1.15.1/STM32CubeIDE/plugins/com.st.stm32cube.ide.mcu.externaltools.gnu-tools-for-stm32.12.3.rel1.win32_1.0.100.202403111256/tools/bin/../lib/gcc/arm-none-eabi/12.3.1/../../../../arm-none-eabi/lib/thumb/v7-m/nofp\libc_nano.a(libc_a-init.o)
                0x08002d38                __libc_init_array
 *(.glue_7)
 .glue_7        0x08002d80        0x0 linker stubs
 *(.glue_7t)
 .glue_7t       0x08002d80        0x0 linker stubs
 *(.eh_frame)
 .eh_frame      0x08002d80        0x0 D:/STM32_Cube/STM32CubeIDE_1.15.1/STM32CubeIDE/plugins/com.st.stm32cube.ide.mcu.externaltools.gnu-tools-for-stm32.12.3.rel1.win32_1.0.100.202403111256/tools/bin/../lib/gcc/arm-none-eabi/12.3.1/thumb/v7-m/nofp/crtbegin.o
 *(.init)
 .init          0x08002d80        0x4 D:/STM32_Cube/STM32CubeIDE_1.15.1/STM32CubeIDE/plugins/com.st.stm32cube.ide.mcu.externaltools.gnu-tools-for-stm32.12.3.rel1.win32_1.0.100.202403111256/tools/bin/../lib/gcc/arm-none-eabi/12.3.1/thumb/v7-m/nofp/crti.o
                0x08002d80                _init
 .init          0x08002d84        0x8 D:/STM32_Cube/STM32CubeIDE_1.15.1/STM32CubeIDE/plugins/com.st.stm32cube.ide.mcu.externaltools.gnu-tools-for-stm32.12.3.rel1.win32_1.0.100.202403111256/tools/bin/../lib/gcc/arm-none-eabi/12.3.1/thumb/v7-m/nofp/crtn.o
 *(.fini)
 .fini          0x08002d8c        0x4 D:/STM32_Cube/STM32CubeIDE_1.15.1/STM32CubeIDE/plugins/com.st.stm32cube.ide.mcu.externaltools.gnu-tools-for-stm32.12.3.rel1.win32_1.0.100.202403111256/tools/bin/../lib/gcc/arm-none-eabi/12.3.1/thumb/v7-m/nofp/crti.o
                0x08002d8c                _fini
 .fini          0x08002d90        0x8 D:/STM32_Cube/STM32CubeIDE_1.15.1/STM32CubeIDE/plugins/com.st.stm32cube.ide.mcu.externaltools.gnu-tools-for-stm32.12.3.rel1.win32_1.0.100.202403111256/tools/bin/../lib/gcc/arm-none-eabi/12.3.1/thumb/v7-m/nofp/crtn.o
                0x08002d98                        . = ALIGN (0x4)
                0x08002d98                        _etext = .

.vfp11_veneer   0x08002d98        0x0
 .vfp11_veneer  0x08002d98        0x0 linker stubs

.v4_bx          0x08002d98        0x0
 .v4_bx         0x08002d98        0x0 linker stubs

.iplt           0x08002d98        0x0
 .iplt          0x08002d98        0x0 D:/STM32_Cube/STM32CubeIDE_1.15.1/STM32CubeIDE/plugins/com.st.stm32cube.ide.mcu.externaltools.gnu-tools-for-stm32.12.3.rel1.win32_1.0.100.202403111256/tools/bin/../lib/gcc/arm-none-eabi/12.3.1/thumb/v7-m/nofp/crtbegin.o

.rodata         0x08002d98       0x24
                0x08002d98                        . = ALIGN (0x4)
 *(.rodata)
 *(.rodata*)
 .rodata.AHBPrescTable
                0x08002d98       0x10 ./Core/Src/system_stm32f1xx.o
                0x08002d98                AHBPrescTable
 .rodata.aPLLMULFactorTable.1
                0x08002da8       0x10 ./Drivers/STM32F1xx_HAL_Driver/Src/stm32f1xx_hal_rcc.o
 .rodata.aPredivFactorTable.0
                0x08002db8        0x2 ./Drivers/STM32F1xx_HAL_Driver/Src/stm32f1xx_hal_rcc.o
                0x08002dbc                        . = ALIGN (0x4)
 *fill*         0x08002dba        0x2 

.ARM.extab      0x08002dbc        0x0
                0x08002dbc                        . = ALIGN (0x4)
 *(.ARM.extab* .gnu.linkonce.armextab.*)
                0x08002dbc                        . = ALIGN (0x4)

.ARM            0x08002dbc        0x0
                0x08002dbc                        . = ALIGN (0x4)
                0x08002dbc                        __exidx_start = .
 *(.ARM.exidx*)
                0x08002dbc                        __exidx_end = .
                0x08002dbc                        . = ALIGN (0x4)

.preinit_array  0x08002dbc        0x0
                0x08002dbc                        . = ALIGN (0x4)
                0x08002dbc                        PROVIDE (__preinit_array_start = .)
 *(.preinit_array*)
                0x08002dbc                        PROVIDE (__preinit_array_end = .)
                0x08002dbc                        . = ALIGN (0x4)

.init_array     0x08002dbc        0x4
                0x08002dbc                        . = ALIGN (0x4)
                0x08002dbc                        PROVIDE (__init_array_start = .)
 *(SORT_BY_NAME(.init_array.*))
 *(.init_array*)
 .init_array    0x08002dbc        0x4 D:/STM32_Cube/STM32CubeIDE_1.15.1/STM32CubeIDE/plugins/com.st.stm32cube.ide.mcu.externaltools.gnu-tools-for-stm32.12.3.rel1.win32_1.0.100.202403111256/tools/bin/../lib/gcc/arm-none-eabi/12.3.1/thumb/v7-m/nofp/crtbegin.o
                0x08002dc0                        PROVIDE (__init_array_end = .)
                0x08002dc0                        . = ALIGN (0x4)

.fini_array     0x08002dc0        0x4
                0x08002dc0                        . = ALIGN (0x4)
                [!provide]                        PROVIDE (__fini_array_start = .)
 *(SORT_BY_NAME(.fini_array.*))
 *(.fini_array*)
 .fini_array    0x08002dc0        0x4 D:/STM32_Cube/STM32CubeIDE_1.15.1/STM32CubeIDE/plugins/com.st.stm32cube.ide.mcu.externaltools.gnu-tools-for-stm32.12.3.rel1.win32_1.0.100.202403111256/tools/bin/../lib/gcc/arm-none-eabi/12.3.1/thumb/v7-m/nofp/crtbegin.o
                [!provide]                        PROVIDE (__fini_array_end = .)
                0x08002dc4                        . = ALIGN (0x4)
                0x08002dc4                        _sidata = LOADADDR (.data)

.rel.dyn        0x08002dc4        0x0
 .rel.iplt      0x08002dc4        0x0 D:/STM32_Cube/STM32CubeIDE_1.15.1/STM32CubeIDE/plugins/com.st.stm32cube.ide.mcu.externaltools.gnu-tools-for-stm32.12.3.rel1.win32_1.0.100.202403111256/tools/bin/../lib/gcc/arm-none-eabi/12.3.1/thumb/v7-m/nofp/crtbegin.o

.data           0x20000000       0x38 load address 0x08002dc4
                0x20000000                        . = ALIGN (0x4)
                0x20000000                        _sdata = .
 *(.data)
 *(.data*)
 .data.Time_LedRed_Duration
                0x20000000        0x4 ./Core/Src/blinking_led.o
                0x20000000                Time_LedRed_Duration
 .data.Time_LedYellow_Duration
                0x20000004        0x4 ./Core/Src/blinking_led.o
                0x20000004                Time_LedYellow_Duration
 .data.Time_LedGreen_Duration
                0x20000008        0x4 ./Core/Src/blinking_led.o
                0x20000008                Time_LedGreen_Duration
 .data.Time_LedRed_Duration_Temp
                0x2000000c        0x4 ./Core/Src/blinking_led.o
                0x2000000c                Time_LedRed_Duration_Temp
 .data.Time_LedYellow_Duration_Temp
                0x20000010        0x4 ./Core/Src/blinking_led.o
                0x20000010                Time_LedYellow_Duration_Temp
 .data.Time_LedGreen_Duration_Temp
                0x20000014        0x4 ./Core/Src/blinking_led.o
                0x20000014                Time_LedGreen_Duration_Temp
 .data.buttonBuffer
                0x20000018        0x3 ./Core/Src/input_reading.o
 *fill*         0x2000001b        0x1 
 .data.debounceButtonBuffer1
                0x2000001c        0x3 ./Core/Src/input_reading.o
 *fill*         0x2000001f        0x1 
 .data.debounceButtonBuffer2
                0x20000020        0x3 ./Core/Src/input_reading.o
 *fill*         0x20000023        0x1 
 .data.debounceButtonBuffer3
                0x20000024        0x3 ./Core/Src/input_reading.o
 *fill*         0x20000027        0x1 
 .data.SystemCoreClock
                0x20000028        0x4 ./Core/Src/system_stm32f1xx.o
                0x20000028                SystemCoreClock
 .data.TIMER_CYCLE
                0x2000002c        0x4 ./Core/Src/timer.o
                0x2000002c                TIMER_CYCLE
 .data.uwTickPrio
                0x20000030        0x4 ./Drivers/STM32F1xx_HAL_Driver/Src/stm32f1xx_hal.o
                0x20000030                uwTickPrio
 .data.uwTickFreq
                0x20000034        0x1 ./Drivers/STM32F1xx_HAL_Driver/Src/stm32f1xx_hal.o
                0x20000034                uwTickFreq
 *(.RamFunc)
 *(.RamFunc*)
                0x20000038                        . = ALIGN (0x4)
 *fill*         0x20000035        0x3 
                0x20000038                        _edata = .

.igot.plt       0x20000038        0x0 load address 0x08002dfc
 .igot.plt      0x20000038        0x0 D:/STM32_Cube/STM32CubeIDE_1.15.1/STM32CubeIDE/plugins/com.st.stm32cube.ide.mcu.externaltools.gnu-tools-for-stm32.12.3.rel1.win32_1.0.100.202403111256/tools/bin/../lib/gcc/arm-none-eabi/12.3.1/thumb/v7-m/nofp/crtbegin.o
                0x20000038                        . = ALIGN (0x4)

.bss            0x20000038       0xd0 load address 0x08002dfc
                0x20000038                        _sbss = .
                0x20000038                        __bss_start__ = _sbss
 *(.bss)
 .bss           0x20000038       0x1c D:/STM32_Cube/STM32CubeIDE_1.15.1/STM32CubeIDE/plugins/com.st.stm32cube.ide.mcu.externaltools.gnu-tools-for-stm32.12.3.rel1.win32_1.0.100.202403111256/tools/bin/../lib/gcc/arm-none-eabi/12.3.1/thumb/v7-m/nofp/crtbegin.o
 *(.bss*)
 .bss.FSM_State
                0x20000054        0x4 ./Core/Src/fsm.o
                0x20000054                FSM_State
 .bss.buttonState
                0x20000058        0x3 ./Core/Src/input_processing.o
                0x20000058                buttonState
 *fill*         0x2000005b        0x1 
 .bss.flagForButtonPress
                0x2000005c        0x3 ./Core/Src/input_reading.o
 *fill*         0x2000005f        0x1 
 .bss.flagForButtonPress1s
                0x20000060        0x3 ./Core/Src/input_reading.o
 *fill*         0x20000063        0x1 
 .bss.counterForButtonPress1s
                0x20000064        0x6 ./Core/Src/input_reading.o
 *fill*         0x2000006a        0x2 
 .bss.Led13_Count
                0x2000006c        0x4 ./Core/Src/led_display.o
                0x2000006c                Led13_Count
 .bss.Led24_Count
                0x20000070        0x4 ./Core/Src/led_display.o
                0x20000070                Led24_Count
 .bss.htim2     0x20000074       0x48 ./Core/Src/main.o
                0x20000074                htim2
 .bss.Timer_Ignore
                0x200000bc       0x18 ./Core/Src/timer.o
                0x200000bc                Timer_Ignore
 .bss.Timer_Flag
                0x200000d4       0x18 ./Core/Src/timer.o
                0x200000d4                Timer_Flag
 .bss.Timer_Counter
                0x200000ec       0x18 ./Core/Src/timer.o
                0x200000ec                Timer_Counter
 .bss.uwTick    0x20000104        0x4 ./Drivers/STM32F1xx_HAL_Driver/Src/stm32f1xx_hal.o
                0x20000104                uwTick
 *(COMMON)
                0x20000108                        . = ALIGN (0x4)
                0x20000108                        _ebss = .
                0x20000108                        __bss_end__ = _ebss

._user_heap_stack
                0x20000108      0x600 load address 0x08002dfc
                0x20000108                        . = ALIGN (0x8)
                [!provide]                        PROVIDE (end = .)
                0x20000108                        PROVIDE (_end = .)
                0x20000308                        . = (. + _Min_Heap_Size)
 *fill*         0x20000108      0x200 
                0x20000708                        . = (. + _Min_Stack_Size)
 *fill*         0x20000308      0x400 
                0x20000708                        . = ALIGN (0x8)

/DISCARD/
 libc.a(*)
 libm.a(*)
 libgcc.a(*)

.ARM.attributes
                0x00000000       0x29
 *(.ARM.attributes)
 .ARM.attributes
                0x00000000       0x1d D:/STM32_Cube/STM32CubeIDE_1.15.1/STM32CubeIDE/plugins/com.st.stm32cube.ide.mcu.externaltools.gnu-tools-for-stm32.12.3.rel1.win32_1.0.100.202403111256/tools/bin/../lib/gcc/arm-none-eabi/12.3.1/thumb/v7-m/nofp/crti.o
 .ARM.attributes
                0x0000001d       0x2d D:/STM32_Cube/STM32CubeIDE_1.15.1/STM32CubeIDE/plugins/com.st.stm32cube.ide.mcu.externaltools.gnu-tools-for-stm32.12.3.rel1.win32_1.0.100.202403111256/tools/bin/../lib/gcc/arm-none-eabi/12.3.1/thumb/v7-m/nofp/crtbegin.o
 .ARM.attributes
                0x0000004a       0x2d ./Core/Src/blinking_led.o
 .ARM.attributes
                0x00000077       0x2d ./Core/Src/fsm.o
 .ARM.attributes
                0x000000a4       0x2d ./Core/Src/input_processing.o
 .ARM.attributes
                0x000000d1       0x2d ./Core/Src/input_reading.o
 .ARM.attributes
                0x000000fe       0x2d ./Core/Src/led_display.o
 .ARM.attributes
                0x0000012b       0x2d ./Core/Src/main.o
 .ARM.attributes
                0x00000158       0x2d ./Core/Src/stm32f1xx_hal_msp.o
 .ARM.attributes
                0x00000185       0x2d ./Core/Src/stm32f1xx_it.o
 .ARM.attributes
                0x000001b2       0x2d ./Core/Src/system_stm32f1xx.o
 .ARM.attributes
                0x000001df       0x2d ./Core/Src/timer.o
 .ARM.attributes
                0x0000020c       0x2d ./Core/Src/traffic.o
 .ARM.attributes
                0x00000239       0x21 ./Core/Startup/startup_stm32f103c6ux.o
 .ARM.attributes
                0x0000025a       0x2d ./Drivers/STM32F1xx_HAL_Driver/Src/stm32f1xx_hal.o
 .ARM.attributes
                0x00000287       0x2d ./Drivers/STM32F1xx_HAL_Driver/Src/stm32f1xx_hal_cortex.o
 .ARM.attributes
                0x000002b4       0x2d ./Drivers/STM32F1xx_HAL_Driver/Src/stm32f1xx_hal_gpio.o
 .ARM.attributes
                0x000002e1       0x2d ./Drivers/STM32F1xx_HAL_Driver/Src/stm32f1xx_hal_rcc.o
 .ARM.attributes
                0x0000030e       0x2d ./Drivers/STM32F1xx_HAL_Driver/Src/stm32f1xx_hal_tim.o
 .ARM.attributes
                0x0000033b       0x2d ./Drivers/STM32F1xx_HAL_Driver/Src/stm32f1xx_hal_tim_ex.o
 .ARM.attributes
                0x00000368       0x2d D:/STM32_Cube/STM32CubeIDE_1.15.1/STM32CubeIDE/plugins/com.st.stm32cube.ide.mcu.externaltools.gnu-tools-for-stm32.12.3.rel1.win32_1.0.100.202403111256/tools/bin/../lib/gcc/arm-none-eabi/12.3.1/../../../../arm-none-eabi/lib/thumb/v7-m/nofp\libc_nano.a(libc_a-memset.o)
 .ARM.attributes
                0x00000395       0x2d D:/STM32_Cube/STM32CubeIDE_1.15.1/STM32CubeIDE/plugins/com.st.stm32cube.ide.mcu.externaltools.gnu-tools-for-stm32.12.3.rel1.win32_1.0.100.202403111256/tools/bin/../lib/gcc/arm-none-eabi/12.3.1/../../../../arm-none-eabi/lib/thumb/v7-m/nofp\libc_nano.a(libc_a-init.o)
 .ARM.attributes
                0x000003c2       0x1d D:/STM32_Cube/STM32CubeIDE_1.15.1/STM32CubeIDE/plugins/com.st.stm32cube.ide.mcu.externaltools.gnu-tools-for-stm32.12.3.rel1.win32_1.0.100.202403111256/tools/bin/../lib/gcc/arm-none-eabi/12.3.1/thumb/v7-m/nofp/crtn.o
OUTPUT(Lab3_Old.elf elf32-littlearm)
LOAD linker stubs
LOAD D:/STM32_Cube/STM32CubeIDE_1.15.1/STM32CubeIDE/plugins/com.st.stm32cube.ide.mcu.externaltools.gnu-tools-for-stm32.12.3.rel1.win32_1.0.100.202403111256/tools/bin/../lib/gcc/arm-none-eabi/12.3.1/../../../../arm-none-eabi/lib/thumb/v7-m/nofp\libc.a
LOAD D:/STM32_Cube/STM32CubeIDE_1.15.1/STM32CubeIDE/plugins/com.st.stm32cube.ide.mcu.externaltools.gnu-tools-for-stm32.12.3.rel1.win32_1.0.100.202403111256/tools/bin/../lib/gcc/arm-none-eabi/12.3.1/../../../../arm-none-eabi/lib/thumb/v7-m/nofp\libm.a
LOAD D:/STM32_Cube/STM32CubeIDE_1.15.1/STM32CubeIDE/plugins/com.st.stm32cube.ide.mcu.externaltools.gnu-tools-for-stm32.12.3.rel1.win32_1.0.100.202403111256/tools/bin/../lib/gcc/arm-none-eabi/12.3.1/thumb/v7-m/nofp\libgcc.a

.debug_info     0x00000000     0x89a6
 .debug_info    0x00000000      0x278 ./Core/Src/blinking_led.o
 .debug_info    0x00000278      0x2d7 ./Core/Src/fsm.o
 .debug_info    0x0000054f      0x119 ./Core/Src/input_processing.o
 .debug_info    0x00000668      0x299 ./Core/Src/input_reading.o
 .debug_info    0x00000901      0x2cf ./Core/Src/led_display.o
 .debug_info    0x00000bd0      0xb84 ./Core/Src/main.o
 .debug_info    0x00001754      0x91a ./Core/Src/stm32f1xx_hal_msp.o
 .debug_info    0x0000206e      0x6a1 ./Core/Src/stm32f1xx_it.o
 .debug_info    0x0000270f      0x222 ./Core/Src/system_stm32f1xx.o
 .debug_info    0x00002931      0x1d0 ./Core/Src/timer.o
 .debug_info    0x00002b01      0x1b2 ./Core/Src/traffic.o
 .debug_info    0x00002cb3       0x30 ./Core/Startup/startup_stm32f103c6ux.o
 .debug_info    0x00002ce3      0x6e6 ./Drivers/STM32F1xx_HAL_Driver/Src/stm32f1xx_hal.o
 .debug_info    0x000033c9      0xa69 ./Drivers/STM32F1xx_HAL_Driver/Src/stm32f1xx_hal_cortex.o
 .debug_info    0x00003e32      0x5ab ./Drivers/STM32F1xx_HAL_Driver/Src/stm32f1xx_hal_gpio.o
 .debug_info    0x000043dd      0x7d5 ./Drivers/STM32F1xx_HAL_Driver/Src/stm32f1xx_hal_rcc.o
 .debug_info    0x00004bb2     0x2959 ./Drivers/STM32F1xx_HAL_Driver/Src/stm32f1xx_hal_tim.o
 .debug_info    0x0000750b     0x149b ./Drivers/STM32F1xx_HAL_Driver/Src/stm32f1xx_hal_tim_ex.o

.debug_abbrev   0x00000000     0x1d37
 .debug_abbrev  0x00000000      0x128 ./Core/Src/blinking_led.o
 .debug_abbrev  0x00000128       0xe2 ./Core/Src/fsm.o
 .debug_abbrev  0x0000020a       0xd1 ./Core/Src/input_processing.o
 .debug_abbrev  0x000002db      0x16d ./Core/Src/input_reading.o
 .debug_abbrev  0x00000448      0x193 ./Core/Src/led_display.o
 .debug_abbrev  0x000005db      0x28f ./Core/Src/main.o
 .debug_abbrev  0x0000086a      0x1ad ./Core/Src/stm32f1xx_hal_msp.o
 .debug_abbrev  0x00000a17      0x191 ./Core/Src/stm32f1xx_it.o
 .debug_abbrev  0x00000ba8      0x13f ./Core/Src/system_stm32f1xx.o
 .debug_abbrev  0x00000ce7       0xdb ./Core/Src/timer.o
 .debug_abbrev  0x00000dc2       0xe2 ./Core/Src/traffic.o
 .debug_abbrev  0x00000ea4       0x24 ./Core/Startup/startup_stm32f103c6ux.o
 .debug_abbrev  0x00000ec8      0x201 ./Drivers/STM32F1xx_HAL_Driver/Src/stm32f1xx_hal.o
 .debug_abbrev  0x000010c9      0x2f8 ./Drivers/STM32F1xx_HAL_Driver/Src/stm32f1xx_hal_cortex.o
 .debug_abbrev  0x000013c1      0x1ca ./Drivers/STM32F1xx_HAL_Driver/Src/stm32f1xx_hal_gpio.o
 .debug_abbrev  0x0000158b      0x2b3 ./Drivers/STM32F1xx_HAL_Driver/Src/stm32f1xx_hal_rcc.o
 .debug_abbrev  0x0000183e      0x277 ./Drivers/STM32F1xx_HAL_Driver/Src/stm32f1xx_hal_tim.o
 .debug_abbrev  0x00001ab5      0x282 ./Drivers/STM32F1xx_HAL_Driver/Src/stm32f1xx_hal_tim_ex.o

.debug_aranges  0x00000000      0xb00
 .debug_aranges
                0x00000000       0x20 ./Core/Src/blinking_led.o
 .debug_aranges
                0x00000020       0x98 ./Core/Src/fsm.o
 .debug_aranges
                0x000000b8       0x20 ./Core/Src/input_processing.o
 .debug_aranges
                0x000000d8       0x30 ./Core/Src/input_reading.o
 .debug_aranges
                0x00000108       0x48 ./Core/Src/led_display.o
 .debug_aranges
                0x00000150       0x48 ./Core/Src/main.o
 .debug_aranges
                0x00000198       0x30 ./Core/Src/stm32f1xx_hal_msp.o
 .debug_aranges
                0x000001c8       0x68 ./Core/Src/stm32f1xx_it.o
 .debug_aranges
                0x00000230       0x28 ./Core/Src/system_stm32f1xx.o
 .debug_aranges
                0x00000258       0x40 ./Core/Src/timer.o
 .debug_aranges
                0x00000298       0x40 ./Core/Src/traffic.o
 .debug_aranges
                0x000002d8       0x28 ./Core/Startup/startup_stm32f103c6ux.o
 .debug_aranges
                0x00000300       0xe0 ./Drivers/STM32F1xx_HAL_Driver/Src/stm32f1xx_hal.o
 .debug_aranges
                0x000003e0      0x100 ./Drivers/STM32F1xx_HAL_Driver/Src/stm32f1xx_hal_cortex.o
 .debug_aranges
                0x000004e0       0x58 ./Drivers/STM32F1xx_HAL_Driver/Src/stm32f1xx_hal_gpio.o
 .debug_aranges
                0x00000538       0x90 ./Drivers/STM32F1xx_HAL_Driver/Src/stm32f1xx_hal_rcc.o
 .debug_aranges
                0x000005c8      0x3d0 ./Drivers/STM32F1xx_HAL_Driver/Src/stm32f1xx_hal_tim.o
 .debug_aranges
                0x00000998      0x168 ./Drivers/STM32F1xx_HAL_Driver/Src/stm32f1xx_hal_tim_ex.o

.debug_rnglists
                0x00000000      0x85b
 .debug_rnglists
                0x00000000       0x14 ./Core/Src/blinking_led.o
 .debug_rnglists
                0x00000014       0x72 ./Core/Src/fsm.o
 .debug_rnglists
                0x00000086       0x14 ./Core/Src/input_processing.o
 .debug_rnglists
                0x0000009a       0x20 ./Core/Src/input_reading.o
 .debug_rnglists
                0x000000ba       0x35 ./Core/Src/led_display.o
 .debug_rnglists
                0x000000ef       0x33 ./Core/Src/main.o
 .debug_rnglists
                0x00000122       0x1f ./Core/Src/stm32f1xx_hal_msp.o
 .debug_rnglists
                0x00000141       0x49 ./Core/Src/stm32f1xx_it.o
 .debug_rnglists
                0x0000018a       0x1a ./Core/Src/system_stm32f1xx.o
 .debug_rnglists
                0x000001a4       0x2b ./Core/Src/timer.o
 .debug_rnglists
                0x000001cf       0x2b ./Core/Src/traffic.o
 .debug_rnglists
                0x000001fa       0x19 ./Core/Startup/startup_stm32f103c6ux.o
 .debug_rnglists
                0x00000213       0xa3 ./Drivers/STM32F1xx_HAL_Driver/Src/stm32f1xx_hal.o
 .debug_rnglists
                0x000002b6       0xbb ./Drivers/STM32F1xx_HAL_Driver/Src/stm32f1xx_hal_cortex.o
 .debug_rnglists
                0x00000371       0x3f ./Drivers/STM32F1xx_HAL_Driver/Src/stm32f1xx_hal_gpio.o
 .debug_rnglists
                0x000003b0       0x6c ./Drivers/STM32F1xx_HAL_Driver/Src/stm32f1xx_hal_rcc.o
 .debug_rnglists
                0x0000041c      0x31a ./Drivers/STM32F1xx_HAL_Driver/Src/stm32f1xx_hal_tim.o
 .debug_rnglists
                0x00000736      0x125 ./Drivers/STM32F1xx_HAL_Driver/Src/stm32f1xx_hal_tim_ex.o

.debug_macro    0x00000000    0x171b0
 .debug_macro   0x00000000      0x1fc ./Core/Src/blinking_led.o
 .debug_macro   0x000001fc      0xaa8 ./Core/Src/blinking_led.o
 .debug_macro   0x00000ca4      0x215 ./Core/Src/blinking_led.o
 .debug_macro   0x00000eb9       0x2e ./Core/Src/blinking_led.o
 .debug_macro   0x00000ee7       0x22 ./Core/Src/blinking_led.o
 .debug_macro   0x00000f09       0x22 ./Core/Src/blinking_led.o
 .debug_macro   0x00000f2b       0x8e ./Core/Src/blinking_led.o
 .debug_macro   0x00000fb9       0x51 ./Core/Src/blinking_led.o
 .debug_macro   0x0000100a      0x103 ./Core/Src/blinking_led.o
 .debug_macro   0x0000110d       0x6a ./Core/Src/blinking_led.o
 .debug_macro   0x00001177      0x1df ./Core/Src/blinking_led.o
 .debug_macro   0x00001356       0x1c ./Core/Src/blinking_led.o
 .debug_macro   0x00001372       0x22 ./Core/Src/blinking_led.o
 .debug_macro   0x00001394       0xbd ./Core/Src/blinking_led.o
 .debug_macro   0x00001451      0xd23 ./Core/Src/blinking_led.o
 .debug_macro   0x00002174     0xde75 ./Core/Src/blinking_led.o
 .debug_macro   0x0000ffe9       0x6d ./Core/Src/blinking_led.o
 .debug_macro   0x00010056     0x34a2 ./Core/Src/blinking_led.o
 .debug_macro   0x000134f8      0x189 ./Core/Src/blinking_led.o
 .debug_macro   0x00013681       0x5c ./Core/Src/blinking_led.o
 .debug_macro   0x000136dd      0x5bc ./Core/Src/blinking_led.o
 .debug_macro   0x00013c99      0x1b7 ./Core/Src/blinking_led.o
 .debug_macro   0x00013e50      0x1cb ./Core/Src/blinking_led.o
 .debug_macro   0x0001401b      0x114 ./Core/Src/blinking_led.o
 .debug_macro   0x0001412f      0x1b2 ./Core/Src/blinking_led.o
 .debug_macro   0x000142e1       0x27 ./Core/Src/blinking_led.o
 .debug_macro   0x00014308      0x12f ./Core/Src/blinking_led.o
 .debug_macro   0x00014437      0x1bc ./Core/Src/blinking_led.o
 .debug_macro   0x000145f3       0x34 ./Core/Src/blinking_led.o
 .debug_macro   0x00014627       0x3c ./Core/Src/blinking_led.o
 .debug_macro   0x00014663       0x57 ./Core/Src/blinking_led.o
 .debug_macro   0x000146ba       0x87 ./Core/Src/blinking_led.o
 .debug_macro   0x00014741      0x183 ./Core/Src/blinking_led.o
 .debug_macro   0x000148c4      0x140 ./Core/Src/blinking_led.o
 .debug_macro   0x00014a04      0x8ed ./Core/Src/blinking_led.o
 .debug_macro   0x000152f1       0x69 ./Core/Src/blinking_led.o
 .debug_macro   0x0001535a      0x154 ./Core/Src/blinking_led.o
 .debug_macro   0x000154ae       0x34 ./Core/Src/blinking_led.o
 .debug_macro   0x000154e2       0x1c ./Core/Src/blinking_led.o
 .debug_macro   0x000154fe       0x10 ./Core/Src/blinking_led.o
 .debug_macro   0x0001550e       0x10 ./Core/Src/blinking_led.o
 .debug_macro   0x0001551e       0x2e ./Core/Src/blinking_led.o
 .debug_macro   0x0001554c       0x16 ./Core/Src/blinking_led.o
 .debug_macro   0x00015562      0x1fc ./Core/Src/fsm.o
 .debug_macro   0x0001575e      0x1d2 ./Core/Src/input_processing.o
 .debug_macro   0x00015930       0x3a ./Core/Src/input_processing.o
 .debug_macro   0x0001596a      0x1e5 ./Core/Src/input_reading.o
 .debug_macro   0x00015b4f      0x1bf ./Core/Src/led_display.o
 .debug_macro   0x00015d0e      0x209 ./Core/Src/main.o
 .debug_macro   0x00015f17      0x1a6 ./Core/Src/stm32f1xx_hal_msp.o
 .debug_macro   0x000160bd      0x1b0 ./Core/Src/stm32f1xx_it.o
 .debug_macro   0x0001626d      0x197 ./Core/Src/system_stm32f1xx.o
 .debug_macro   0x00016404      0x1b5 ./Core/Src/timer.o
 .debug_macro   0x000165b9      0x1b5 ./Core/Src/traffic.o
 .debug_macro   0x0001676e       0x16 ./Core/Src/traffic.o
 .debug_macro   0x00016784      0x1bb ./Drivers/STM32F1xx_HAL_Driver/Src/stm32f1xx_hal.o
 .debug_macro   0x0001693f      0x197 ./Drivers/STM32F1xx_HAL_Driver/Src/stm32f1xx_hal_cortex.o
 .debug_macro   0x00016ad6      0x202 ./Drivers/STM32F1xx_HAL_Driver/Src/stm32f1xx_hal_gpio.o
 .debug_macro   0x00016cd8      0x1a9 ./Drivers/STM32F1xx_HAL_Driver/Src/stm32f1xx_hal_rcc.o
 .debug_macro   0x00016e81      0x198 ./Drivers/STM32F1xx_HAL_Driver/Src/stm32f1xx_hal_tim.o
 .debug_macro   0x00017019      0x197 ./Drivers/STM32F1xx_HAL_Driver/Src/stm32f1xx_hal_tim_ex.o

.debug_line     0x00000000     0xd1d5
 .debug_line    0x00000000      0x7ba ./Core/Src/blinking_led.o
 .debug_line    0x000007ba      0xa23 ./Core/Src/fsm.o
 .debug_line    0x000011dd      0x777 ./Core/Src/input_processing.o
 .debug_line    0x00001954      0x7df ./Core/Src/input_reading.o
 .debug_line    0x00002133      0x937 ./Core/Src/led_display.o
 .debug_line    0x00002a6a      0x876 ./Core/Src/main.o
 .debug_line    0x000032e0      0x718 ./Core/Src/stm32f1xx_hal_msp.o
 .debug_line    0x000039f8      0x7b7 ./Core/Src/stm32f1xx_it.o
 .debug_line    0x000041af      0x75b ./Core/Src/system_stm32f1xx.o
 .debug_line    0x0000490a      0x765 ./Core/Src/timer.o
 .debug_line    0x0000506f      0x74a ./Core/Src/traffic.o
 .debug_line    0x000057b9       0x78 ./Core/Startup/startup_stm32f103c6ux.o
 .debug_line    0x00005831      0x988 ./Drivers/STM32F1xx_HAL_Driver/Src/stm32f1xx_hal.o
 .debug_line    0x000061b9      0xb74 ./Drivers/STM32F1xx_HAL_Driver/Src/stm32f1xx_hal_cortex.o
 .debug_line    0x00006d2d      0xa0c ./Drivers/STM32F1xx_HAL_Driver/Src/stm32f1xx_hal_gpio.o
 .debug_line    0x00007739      0xd91 ./Drivers/STM32F1xx_HAL_Driver/Src/stm32f1xx_hal_rcc.o
 .debug_line    0x000084ca     0x3464 ./Drivers/STM32F1xx_HAL_Driver/Src/stm32f1xx_hal_tim.o
 .debug_line    0x0000b92e     0x18a7 ./Drivers/STM32F1xx_HAL_Driver/Src/stm32f1xx_hal_tim_ex.o

.debug_str      0x00000000    0x82a74
 .debug_str     0x00000000    0x7fc21 ./Core/Src/blinking_led.o
                              0x7ff48 (size before relaxing)
 .debug_str     0x0007fc21      0x1fa ./Core/Src/fsm.o
                              0x800b8 (size before relaxing)
 .debug_str     0x0007fe1b       0x4d ./Core/Src/input_processing.o
                              0x7fd71 (size before relaxing)
 .debug_str     0x0007fe68      0x14b ./Core/Src/input_reading.o
                              0x7fe75 (size before relaxing)
 .debug_str     0x0007ffb3       0x7f ./Core/Src/led_display.o
                              0x7fdbb (size before relaxing)
 .debug_str     0x00080032      0x79f ./Core/Src/main.o
                              0x8070d (size before relaxing)
 .debug_str     0x000807d1      0x300 ./Core/Src/stm32f1xx_hal_msp.o
                              0x8040f (size before relaxing)
 .debug_str     0x00080ad1       0xec ./Core/Src/stm32f1xx_it.o
                              0x8014a (size before relaxing)
 .debug_str     0x00080bbd       0x7e ./Core/Src/system_stm32f1xx.o
                              0x7f738 (size before relaxing)
 .debug_str     0x00080c3b       0x4f ./Core/Src/timer.o
                              0x7fce1 (size before relaxing)
 .debug_str     0x00080c8a       0x16 ./Core/Src/traffic.o
                              0x7fcb5 (size before relaxing)
 .debug_str     0x00080ca0       0x44 ./Core/Startup/startup_stm32f103c6ux.o
                                 0x74 (size before relaxing)
 .debug_str     0x00080ce4      0x38e ./Drivers/STM32F1xx_HAL_Driver/Src/stm32f1xx_hal.o
                              0x7fe31 (size before relaxing)
 .debug_str     0x00081072      0x294 ./Drivers/STM32F1xx_HAL_Driver/Src/stm32f1xx_hal_cortex.o
                              0x7fd7d (size before relaxing)
 .debug_str     0x00081306      0x2d2 ./Drivers/STM32F1xx_HAL_Driver/Src/stm32f1xx_hal_gpio.o
                              0x7fabe (size before relaxing)
 .debug_str     0x000815d8      0x229 ./Drivers/STM32F1xx_HAL_Driver/Src/stm32f1xx_hal_rcc.o
                              0x7fb67 (size before relaxing)
 .debug_str     0x00081801      0xde0 ./Drivers/STM32F1xx_HAL_Driver/Src/stm32f1xx_hal_tim.o
                              0x80b69 (size before relaxing)
 .debug_str     0x000825e1      0x493 ./Drivers/STM32F1xx_HAL_Driver/Src/stm32f1xx_hal_tim_ex.o
                              0x80375 (size before relaxing)

.comment        0x00000000       0x43
 .comment       0x00000000       0x43 ./Core/Src/blinking_led.o
                                 0x44 (size before relaxing)
 .comment       0x00000043       0x44 ./Core/Src/fsm.o
 .comment       0x00000043       0x44 ./Core/Src/input_processing.o
 .comment       0x00000043       0x44 ./Core/Src/input_reading.o
 .comment       0x00000043       0x44 ./Core/Src/led_display.o
 .comment       0x00000043       0x44 ./Core/Src/main.o
 .comment       0x00000043       0x44 ./Core/Src/stm32f1xx_hal_msp.o
 .comment       0x00000043       0x44 ./Core/Src/stm32f1xx_it.o
 .comment       0x00000043       0x44 ./Core/Src/system_stm32f1xx.o
 .comment       0x00000043       0x44 ./Core/Src/timer.o
 .comment       0x00000043       0x44 ./Core/Src/traffic.o
 .comment       0x00000043       0x44 ./Drivers/STM32F1xx_HAL_Driver/Src/stm32f1xx_hal.o
 .comment       0x00000043       0x44 ./Drivers/STM32F1xx_HAL_Driver/Src/stm32f1xx_hal_cortex.o
 .comment       0x00000043       0x44 ./Drivers/STM32F1xx_HAL_Driver/Src/stm32f1xx_hal_gpio.o
 .comment       0x00000043       0x44 ./Drivers/STM32F1xx_HAL_Driver/Src/stm32f1xx_hal_rcc.o
 .comment       0x00000043       0x44 ./Drivers/STM32F1xx_HAL_Driver/Src/stm32f1xx_hal_tim.o
 .comment       0x00000043       0x44 ./Drivers/STM32F1xx_HAL_Driver/Src/stm32f1xx_hal_tim_ex.o

.debug_frame    0x00000000     0x2ae0
 .debug_frame   0x00000000       0x34 ./Core/Src/blinking_led.o
 .debug_frame   0x00000034      0x1d0 ./Core/Src/fsm.o
 .debug_frame   0x00000204       0x34 ./Core/Src/input_processing.o
 .debug_frame   0x00000238       0x84 ./Core/Src/input_reading.o
 .debug_frame   0x000002bc       0xec ./Core/Src/led_display.o
 .debug_frame   0x000003a8       0xd4 ./Core/Src/main.o
 .debug_frame   0x0000047c       0x80 ./Core/Src/stm32f1xx_hal_msp.o
 .debug_frame   0x000004fc      0x120 ./Core/Src/stm32f1xx_it.o
 .debug_frame   0x0000061c       0x58 ./Core/Src/system_stm32f1xx.o
 .debug_frame   0x00000674       0xd8 ./Core/Src/timer.o
 .debug_frame   0x0000074c       0x9c ./Core/Src/traffic.o
 .debug_frame   0x000007e8      0x334 ./Drivers/STM32F1xx_HAL_Driver/Src/stm32f1xx_hal.o
 .debug_frame   0x00000b1c      0x428 ./Drivers/STM32F1xx_HAL_Driver/Src/stm32f1xx_hal_cortex.o
 .debug_frame   0x00000f44      0x14c ./Drivers/STM32F1xx_HAL_Driver/Src/stm32f1xx_hal_gpio.o
 .debug_frame   0x00001090      0x218 ./Drivers/STM32F1xx_HAL_Driver/Src/stm32f1xx_hal_rcc.o
 .debug_frame   0x000012a8     0x11b4 ./Drivers/STM32F1xx_HAL_Driver/Src/stm32f1xx_hal_tim.o
 .debug_frame   0x0000245c      0x638 ./Drivers/STM32F1xx_HAL_Driver/Src/stm32f1xx_hal_tim_ex.o
 .debug_frame   0x00002a94       0x20 D:/STM32_Cube/STM32CubeIDE_1.15.1/STM32CubeIDE/plugins/com.st.stm32cube.ide.mcu.externaltools.gnu-tools-for-stm32.12.3.rel1.win32_1.0.100.202403111256/tools/bin/../lib/gcc/arm-none-eabi/12.3.1/../../../../arm-none-eabi/lib/thumb/v7-m/nofp\libc_nano.a(libc_a-memset.o)
 .debug_frame   0x00002ab4       0x2c D:/STM32_Cube/STM32CubeIDE_1.15.1/STM32CubeIDE/plugins/com.st.stm32cube.ide.mcu.externaltools.gnu-tools-for-stm32.12.3.rel1.win32_1.0.100.202403111256/tools/bin/../lib/gcc/arm-none-eabi/12.3.1/../../../../arm-none-eabi/lib/thumb/v7-m/nofp\libc_nano.a(libc_a-init.o)

.debug_line_str
                0x00000000       0x58
 .debug_line_str
                0x00000000       0x58 ./Core/Startup/startup_stm32f103c6ux.o
