../Core/Src/fsm.c:14:6:setEnviromentStateInit	8	static
../Core/Src/fsm.c:27:6:setEnviromentState0	8	static
../Core/Src/fsm.c:33:6:setEnviromentState1	8	static
../Core/Src/fsm.c:37:6:setEnviromentState2	8	static
../Core/Src/fsm.c:43:6:setEnviromentState3	8	static
../Core/Src/fsm.c:48:6:setEnviromentState4	4	static
../Core/Src/fsm.c:52:6:setEnviromentState5	4	static
../Core/Src/fsm.c:56:6:setEnviromentState6	4	static
../Core/Src/fsm.c:60:6:doState0	8	static
../Core/Src/fsm.c:77:6:doState1	8	static
../Core/Src/fsm.c:91:6:doState2	8	static
../Core/Src/fsm.c:105:6:doState3	8	static
../Core/Src/fsm.c:119:6:doState4	8	static
../Core/Src/fsm.c:131:6:doState5	8	static
../Core/Src/fsm.c:135:6:doState6	8	static
../Core/Src/fsm.c:140:6:runFSM	8	static
