../Core/Src/fsm.c:13:6:setEnviromentStateInit	8	static
../Core/Src/fsm.c:29:6:setEnviromentState0	8	static
../Core/Src/fsm.c:36:6:setEnviromentState1	8	static
../Core/Src/fsm.c:40:6:setEnviromentState2	8	static
../Core/Src/fsm.c:51:6:setEnviromentState3	8	static
../Core/Src/fsm.c:56:6:setEnviromentState4	8	static
../Core/Src/fsm.c:64:6:setEnviromentState5	8	static
../Core/Src/fsm.c:72:6:setEnviromentState6	8	static
../Core/Src/fsm.c:80:6:doState0	8	static
../Core/Src/fsm.c:97:6:doState1	8	static
../Core/Src/fsm.c:111:6:doState2	8	static
../Core/Src/fsm.c:125:6:doState3	8	static
../Core/Src/fsm.c:139:6:doState4	8	static
../Core/Src/fsm.c:163:6:doState5	8	static
../Core/Src/fsm.c:187:6:doState6	8	static
../Core/Src/fsm.c:212:6:runFSM	8	static
