../Core/Src/fsm.c:13:6:setEnviromentStateInit	8	static
../Core/Src/fsm.c:25:6:setEnviromentState0	8	static
../Core/Src/fsm.c:32:6:setEnviromentState1	8	static
../Core/Src/fsm.c:36:6:setEnviromentState2	8	static
../Core/Src/fsm.c:42:6:setEnviromentState3	8	static
../Core/Src/fsm.c:47:6:setEnviromentState4	4	static
../Core/Src/fsm.c:51:6:setEnviromentState5	4	static
../Core/Src/fsm.c:55:6:setEnviromentState6	4	static
../Core/Src/fsm.c:59:6:setEnviromentState7	4	static
../Core/Src/fsm.c:63:6:setEnviromentState8	4	static
../Core/Src/fsm.c:67:6:setEnviromentState9	4	static
../Core/Src/fsm.c:71:6:doState0	8	static
../Core/Src/fsm.c:88:6:doState1	8	static
../Core/Src/fsm.c:102:6:doState2	8	static
../Core/Src/fsm.c:116:6:doState3	8	static
../Core/Src/fsm.c:130:6:doState4	4	static
../Core/Src/fsm.c:141:6:doState5	4	static
../Core/Src/fsm.c:145:6:doState6	4	static
../Core/Src/fsm.c:149:6:doState7	4	static
../Core/Src/fsm.c:153:6:doState8	4	static
../Core/Src/fsm.c:157:6:doState9	4	static
../Core/Src/fsm.c:161:6:runFSM	8	static
