../Core/Src/fsm.c:13:6:setEnviromentStateInit	8	static
../Core/Src/fsm.c:29:6:setEnviromentState0	8	static
../Core/Src/fsm.c:44:6:setEnviromentState1	8	static
../Core/Src/fsm.c:48:6:setEnviromentState2	8	static
../Core/Src/fsm.c:54:6:setEnviromentState3	8	static
../Core/Src/fsm.c:59:6:setEnviromentState4	8	static
../Core/Src/fsm.c:67:6:setEnviromentState5	8	static
../Core/Src/fsm.c:75:6:setEnviromentState6	8	static
../Core/Src/fsm.c:83:6:doState0	8	static
../Core/Src/fsm.c:100:6:doState1	8	static
../Core/Src/fsm.c:114:6:doState2	8	static
../Core/Src/fsm.c:128:6:doState3	8	static
../Core/Src/fsm.c:142:6:doState4	8	static
../Core/Src/fsm.c:166:6:doState5	8	static
../Core/Src/fsm.c:190:6:doState6	8	static
../Core/Src/fsm.c:215:6:runFSM	8	static
